[0.054s] Invoking command in '/home/benja/turtlebot3_ws/src/build/turtlebot3_manipulation_gazebo': CMAKE_PREFIX_PATH=${CMAKE_PREFIX_PATH}:/home/benja/turtlebot3_ws/install/turtlebot3_teleop:/home/benja/turtlebot3_ws/install/turtlebot3_example:/home/benja/turtlebot3_ws/install/follower:/home/benja/turtlebot3_ws/install/line_follower_description:/home/benja/turtlebot3_ws/install/line_follower_controller:/opt/ros/humble /usr/bin/cmake /home/benja/turtlebot3_ws/src/turtlebot3_simulations/turtlebot3_manipulation_gazebo -DAMENT_CMAKE_SYMLINK_INSTALL=1 -DCMAKE_INSTALL_PREFIX=/home/benja/turtlebot3_ws/src/install/turtlebot3_manipulation_gazebo
[1.630s] -- The C compiler identification is GNU 11.4.0
[1.631s] -- The CXX compiler identification is GNU 11.4.0
[1.632s] -- Detecting C compiler ABI info
[1.632s] -- Detecting C compiler ABI info - done
[1.632s] -- Check for working C compiler: /usr/bin/cc - skipped
[1.632s] -- Detecting C compile features
[1.632s] -- Detecting C compile features - done
[1.632s] -- Detecting CXX compiler ABI info
[1.632s] -- Detecting CXX compiler ABI info - done
[1.633s] -- Check for working CXX compiler: /usr/bin/c++ - skipped
[1.634s] -- Detecting CXX compile features
[1.634s] -- Detecting CXX compile features - done
[1.635s] -- Found ament_cmake: 1.3.14 (/opt/ros/humble/share/ament_cmake/cmake)
[1.635s] -- Found Python3: /usr/bin/python3 (found version "3.10.12") found components: Interpreter 
[1.636s] -- Override CMake install command with custom implementation using symlinks instead of copying resources
[1.636s] -- Configuring done
[1.637s] -- Generating done
[1.637s] -- Build files have been written to: /home/benja/turtlebot3_ws/src/build/turtlebot3_manipulation_gazebo
[1.679s] Invoked command in '/home/benja/turtlebot3_ws/src/build/turtlebot3_manipulation_gazebo' returned '0': CMAKE_PREFIX_PATH=${CMAKE_PREFIX_PATH}:/home/benja/turtlebot3_ws/install/turtlebot3_teleop:/home/benja/turtlebot3_ws/install/turtlebot3_example:/home/benja/turtlebot3_ws/install/follower:/home/benja/turtlebot3_ws/install/line_follower_description:/home/benja/turtlebot3_ws/install/line_follower_controller:/opt/ros/humble /usr/bin/cmake /home/benja/turtlebot3_ws/src/turtlebot3_simulations/turtlebot3_manipulation_gazebo -DAMENT_CMAKE_SYMLINK_INSTALL=1 -DCMAKE_INSTALL_PREFIX=/home/benja/turtlebot3_ws/src/install/turtlebot3_manipulation_gazebo
[1.683s] Invoking command in '/home/benja/turtlebot3_ws/src/build/turtlebot3_manipulation_gazebo': CMAKE_PREFIX_PATH=${CMAKE_PREFIX_PATH}:/home/benja/turtlebot3_ws/install/turtlebot3_teleop:/home/benja/turtlebot3_ws/install/turtlebot3_example:/home/benja/turtlebot3_ws/install/follower:/home/benja/turtlebot3_ws/install/line_follower_description:/home/benja/turtlebot3_ws/install/line_follower_controller:/opt/ros/humble /usr/bin/cmake --build /home/benja/turtlebot3_ws/src/build/turtlebot3_manipulation_gazebo -- -j12 -l12
[1.730s] Invoked command in '/home/benja/turtlebot3_ws/src/build/turtlebot3_manipulation_gazebo' returned '0': CMAKE_PREFIX_PATH=${CMAKE_PREFIX_PATH}:/home/benja/turtlebot3_ws/install/turtlebot3_teleop:/home/benja/turtlebot3_ws/install/turtlebot3_example:/home/benja/turtlebot3_ws/install/follower:/home/benja/turtlebot3_ws/install/line_follower_description:/home/benja/turtlebot3_ws/install/line_follower_controller:/opt/ros/humble /usr/bin/cmake --build /home/benja/turtlebot3_ws/src/build/turtlebot3_manipulation_gazebo -- -j12 -l12
[1.736s] Invoking command in '/home/benja/turtlebot3_ws/src/build/turtlebot3_manipulation_gazebo': CMAKE_PREFIX_PATH=${CMAKE_PREFIX_PATH}:/home/benja/turtlebot3_ws/install/turtlebot3_teleop:/home/benja/turtlebot3_ws/install/turtlebot3_example:/home/benja/turtlebot3_ws/install/follower:/home/benja/turtlebot3_ws/install/line_follower_description:/home/benja/turtlebot3_ws/install/line_follower_controller:/opt/ros/humble /usr/bin/cmake --install /home/benja/turtlebot3_ws/src/build/turtlebot3_manipulation_gazebo
[1.750s] -- Install configuration: ""
[1.751s] -- Execute custom install script
[1.751s] -- Symlinking: /home/benja/turtlebot3_ws/src/install/turtlebot3_manipulation_gazebo/share/turtlebot3_manipulation_gazebo/config/gazebo_controller_manager.yaml
[1.770s] -- Symlinking: /home/benja/turtlebot3_ws/src/install/turtlebot3_manipulation_gazebo/share/turtlebot3_manipulation_gazebo/config/hardware_controller_manager.yaml
[1.789s] -- Symlinking: /home/benja/turtlebot3_ws/src/install/turtlebot3_manipulation_gazebo/share/turtlebot3_manipulation_gazebo/gazebo/materials.xacro
[1.817s] -- Symlinking: /home/benja/turtlebot3_ws/src/install/turtlebot3_manipulation_gazebo/share/turtlebot3_manipulation_gazebo/gazebo/open_manipulator_x.gazebo.xacro
[1.825s] -- Symlinking: /home/benja/turtlebot3_ws/src/install/turtlebot3_manipulation_gazebo/share/turtlebot3_manipulation_gazebo/gazebo/turtlebot3_waffle_pi.gazebo.xacro
[1.845s] -- Symlinking: /home/benja/turtlebot3_ws/src/install/turtlebot3_manipulation_gazebo/share/turtlebot3_manipulation_gazebo/launch/base.launch.py
[1.864s] -- Symlinking: /home/benja/turtlebot3_ws/src/install/turtlebot3_manipulation_gazebo/share/turtlebot3_manipulation_gazebo/launch/fake.launch.py
[1.907s] -- Symlinking: /home/benja/turtlebot3_ws/src/install/turtlebot3_manipulation_gazebo/share/turtlebot3_manipulation_gazebo/launch/gazebo.launch.py
[1.917s] -- Symlinking: /home/benja/turtlebot3_ws/src/install/turtlebot3_manipulation_gazebo/share/turtlebot3_manipulation_gazebo/launch/turtlebot3_home_service_challenge.launch.py
[1.946s] -- Symlinking: /home/benja/turtlebot3_ws/src/install/turtlebot3_manipulation_gazebo/share/turtlebot3_manipulation_gazebo/ros2_control/turtlebot3_manipulation_system.ros2_control.xacro
[1.983s] -- Symlinking: /home/benja/turtlebot3_ws/src/install/turtlebot3_manipulation_gazebo/share/turtlebot3_manipulation_gazebo/rviz/turtlebot3_manipulation.rviz
[2.019s] -- Symlinking: /home/benja/turtlebot3_ws/src/install/turtlebot3_manipulation_gazebo/share/turtlebot3_manipulation_gazebo/urdf/open_manipulator_x.urdf.xacro
[2.044s] -- Symlinking: /home/benja/turtlebot3_ws/src/install/turtlebot3_manipulation_gazebo/share/turtlebot3_manipulation_gazebo/urdf/turtlebot3_manipulation.urdf.xacro
[2.089s] -- Symlinking: /home/benja/turtlebot3_ws/src/install/turtlebot3_manipulation_gazebo/share/turtlebot3_manipulation_gazebo/urdf/turtlebot3_waffle_pi.urdf.xacro
[2.131s] -- Symlinking: /home/benja/turtlebot3_ws/src/install/turtlebot3_manipulation_gazebo/share/turtlebot3_manipulation_gazebo/worlds/turtlebot3_home_service_challenge.world
[2.209s] -- Symlinking: /home/benja/turtlebot3_ws/src/install/turtlebot3_manipulation_gazebo/share/turtlebot3_manipulation_gazebo/models/turtlebot3_home_service_challenge/marker0/materials/textures/Marker0.png
[2.242s] -- Symlinking: /home/benja/turtlebot3_ws/src/install/turtlebot3_manipulation_gazebo/share/turtlebot3_manipulation_gazebo/models/turtlebot3_home_service_challenge/marker0/meshes/Marker0.dae
[2.287s] -- Symlinking: /home/benja/turtlebot3_ws/src/install/turtlebot3_manipulation_gazebo/share/turtlebot3_manipulation_gazebo/models/turtlebot3_home_service_challenge/marker0/model-1_4.sdf
[2.325s] -- Symlinking: /home/benja/turtlebot3_ws/src/install/turtlebot3_manipulation_gazebo/share/turtlebot3_manipulation_gazebo/models/turtlebot3_home_service_challenge/marker0/model-1_5.sdf
[2.370s] -- Symlinking: /home/benja/turtlebot3_ws/src/install/turtlebot3_manipulation_gazebo/share/turtlebot3_manipulation_gazebo/models/turtlebot3_home_service_challenge/marker0/model.config
[2.414s] -- Symlinking: /home/benja/turtlebot3_ws/src/install/turtlebot3_manipulation_gazebo/share/turtlebot3_manipulation_gazebo/models/turtlebot3_home_service_challenge/marker0/model.sdf
[2.453s] -- Symlinking: /home/benja/turtlebot3_ws/src/install/turtlebot3_manipulation_gazebo/share/turtlebot3_manipulation_gazebo/models/turtlebot3_home_service_challenge/marker1/materials/textures/Marker1.png
[2.483s] -- Symlinking: /home/benja/turtlebot3_ws/src/install/turtlebot3_manipulation_gazebo/share/turtlebot3_manipulation_gazebo/models/turtlebot3_home_service_challenge/marker1/meshes/Marker1.dae
[2.513s] -- Symlinking: /home/benja/turtlebot3_ws/src/install/turtlebot3_manipulation_gazebo/share/turtlebot3_manipulation_gazebo/models/turtlebot3_home_service_challenge/marker1/model-1_4.sdf
[2.540s] -- Symlinking: /home/benja/turtlebot3_ws/src/install/turtlebot3_manipulation_gazebo/share/turtlebot3_manipulation_gazebo/models/turtlebot3_home_service_challenge/marker1/model-1_5.sdf
[2.566s] -- Symlinking: /home/benja/turtlebot3_ws/src/install/turtlebot3_manipulation_gazebo/share/turtlebot3_manipulation_gazebo/models/turtlebot3_home_service_challenge/marker1/model.config
[2.602s] -- Symlinking: /home/benja/turtlebot3_ws/src/install/turtlebot3_manipulation_gazebo/share/turtlebot3_manipulation_gazebo/models/turtlebot3_home_service_challenge/marker1/model.sdf
[2.641s] -- Symlinking: /home/benja/turtlebot3_ws/src/install/turtlebot3_manipulation_gazebo/share/turtlebot3_manipulation_gazebo/models/turtlebot3_home_service_challenge/marker2/materials/textures/Marker2.png
[2.686s] -- Symlinking: /home/benja/turtlebot3_ws/src/install/turtlebot3_manipulation_gazebo/share/turtlebot3_manipulation_gazebo/models/turtlebot3_home_service_challenge/marker2/meshes/Marker2.dae
[2.722s] -- Symlinking: /home/benja/turtlebot3_ws/src/install/turtlebot3_manipulation_gazebo/share/turtlebot3_manipulation_gazebo/models/turtlebot3_home_service_challenge/marker2/model-1_4.sdf
[2.770s] -- Symlinking: /home/benja/turtlebot3_ws/src/install/turtlebot3_manipulation_gazebo/share/turtlebot3_manipulation_gazebo/models/turtlebot3_home_service_challenge/marker2/model-1_5.sdf
[2.812s] -- Symlinking: /home/benja/turtlebot3_ws/src/install/turtlebot3_manipulation_gazebo/share/turtlebot3_manipulation_gazebo/models/turtlebot3_home_service_challenge/marker2/model.config
[2.848s] -- Symlinking: /home/benja/turtlebot3_ws/src/install/turtlebot3_manipulation_gazebo/share/turtlebot3_manipulation_gazebo/models/turtlebot3_home_service_challenge/marker2/model.sdf
[2.878s] -- Symlinking: /home/benja/turtlebot3_ws/src/install/turtlebot3_manipulation_gazebo/share/turtlebot3_manipulation_gazebo/models/turtlebot3_home_service_challenge/marker3/materials/textures/Marker3.png
[2.918s] -- Symlinking: /home/benja/turtlebot3_ws/src/install/turtlebot3_manipulation_gazebo/share/turtlebot3_manipulation_gazebo/models/turtlebot3_home_service_challenge/marker3/meshes/Marker3.dae
[2.973s] -- Symlinking: /home/benja/turtlebot3_ws/src/install/turtlebot3_manipulation_gazebo/share/turtlebot3_manipulation_gazebo/models/turtlebot3_home_service_challenge/marker3/model-1_4.sdf
[3.029s] -- Symlinking: /home/benja/turtlebot3_ws/src/install/turtlebot3_manipulation_gazebo/share/turtlebot3_manipulation_gazebo/models/turtlebot3_home_service_challenge/marker3/model-1_5.sdf
[3.070s] -- Symlinking: /home/benja/turtlebot3_ws/src/install/turtlebot3_manipulation_gazebo/share/turtlebot3_manipulation_gazebo/models/turtlebot3_home_service_challenge/marker3/model.config
[3.107s] -- Symlinking: /home/benja/turtlebot3_ws/src/install/turtlebot3_manipulation_gazebo/share/turtlebot3_manipulation_gazebo/models/turtlebot3_home_service_challenge/marker3/model.sdf
[3.147s] -- Symlinking: /home/benja/turtlebot3_ws/src/install/turtlebot3_manipulation_gazebo/share/turtlebot3_manipulation_gazebo/models/turtlebot3_home_service_challenge/marker4/materials/textures/Marker4.png
[3.183s] -- Symlinking: /home/benja/turtlebot3_ws/src/install/turtlebot3_manipulation_gazebo/share/turtlebot3_manipulation_gazebo/models/turtlebot3_home_service_challenge/marker4/meshes/Marker4.dae
[3.218s] -- Symlinking: /home/benja/turtlebot3_ws/src/install/turtlebot3_manipulation_gazebo/share/turtlebot3_manipulation_gazebo/models/turtlebot3_home_service_challenge/marker4/model-1_4.sdf
[3.272s] -- Symlinking: /home/benja/turtlebot3_ws/src/install/turtlebot3_manipulation_gazebo/share/turtlebot3_manipulation_gazebo/models/turtlebot3_home_service_challenge/marker4/model-1_5.sdf
[3.308s] -- Symlinking: /home/benja/turtlebot3_ws/src/install/turtlebot3_manipulation_gazebo/share/turtlebot3_manipulation_gazebo/models/turtlebot3_home_service_challenge/marker4/model.config
[3.341s] -- Symlinking: /home/benja/turtlebot3_ws/src/install/turtlebot3_manipulation_gazebo/share/turtlebot3_manipulation_gazebo/models/turtlebot3_home_service_challenge/marker4/model.sdf
[3.396s] -- Symlinking: /home/benja/turtlebot3_ws/src/install/turtlebot3_manipulation_gazebo/share/turtlebot3_manipulation_gazebo/models/turtlebot3_home_service_challenge/marker5/materials/textures/Marker5.png
[3.431s] -- Symlinking: /home/benja/turtlebot3_ws/src/install/turtlebot3_manipulation_gazebo/share/turtlebot3_manipulation_gazebo/models/turtlebot3_home_service_challenge/marker5/meshes/Marker5.dae
[3.471s] -- Symlinking: /home/benja/turtlebot3_ws/src/install/turtlebot3_manipulation_gazebo/share/turtlebot3_manipulation_gazebo/models/turtlebot3_home_service_challenge/marker5/model-1_4.sdf
[3.526s] -- Symlinking: /home/benja/turtlebot3_ws/src/install/turtlebot3_manipulation_gazebo/share/turtlebot3_manipulation_gazebo/models/turtlebot3_home_service_challenge/marker5/model-1_5.sdf
[3.558s] -- Symlinking: /home/benja/turtlebot3_ws/src/install/turtlebot3_manipulation_gazebo/share/turtlebot3_manipulation_gazebo/models/turtlebot3_home_service_challenge/marker5/model.config
[3.592s] -- Symlinking: /home/benja/turtlebot3_ws/src/install/turtlebot3_manipulation_gazebo/share/turtlebot3_manipulation_gazebo/models/turtlebot3_home_service_challenge/marker5/model.sdf
[3.633s] -- Symlinking: /home/benja/turtlebot3_ws/src/install/turtlebot3_manipulation_gazebo/share/turtlebot3_manipulation_gazebo/models/turtlebot3_home_service_challenge/marker6/materials/textures/Marker6.png
[3.672s] -- Symlinking: /home/benja/turtlebot3_ws/src/install/turtlebot3_manipulation_gazebo/share/turtlebot3_manipulation_gazebo/models/turtlebot3_home_service_challenge/marker6/meshes/Marker6.dae
[3.706s] -- Symlinking: /home/benja/turtlebot3_ws/src/install/turtlebot3_manipulation_gazebo/share/turtlebot3_manipulation_gazebo/models/turtlebot3_home_service_challenge/marker6/model-1_4.sdf
[3.742s] -- Symlinking: /home/benja/turtlebot3_ws/src/install/turtlebot3_manipulation_gazebo/share/turtlebot3_manipulation_gazebo/models/turtlebot3_home_service_challenge/marker6/model-1_5.sdf
[3.761s] -- Symlinking: /home/benja/turtlebot3_ws/src/install/turtlebot3_manipulation_gazebo/share/turtlebot3_manipulation_gazebo/models/turtlebot3_home_service_challenge/marker6/model.config
[3.779s] -- Symlinking: /home/benja/turtlebot3_ws/src/install/turtlebot3_manipulation_gazebo/share/turtlebot3_manipulation_gazebo/models/turtlebot3_home_service_challenge/marker6/model.sdf
[3.799s] -- Symlinking: /home/benja/turtlebot3_ws/src/install/turtlebot3_manipulation_gazebo/share/turtlebot3_manipulation_gazebo/models/turtlebot3_home_service_challenge/marker7/materials/textures/Marker7.png
[3.835s] -- Symlinking: /home/benja/turtlebot3_ws/src/install/turtlebot3_manipulation_gazebo/share/turtlebot3_manipulation_gazebo/models/turtlebot3_home_service_challenge/marker7/meshes/Marker7.dae
[3.860s] -- Symlinking: /home/benja/turtlebot3_ws/src/install/turtlebot3_manipulation_gazebo/share/turtlebot3_manipulation_gazebo/models/turtlebot3_home_service_challenge/marker7/model-1_4.sdf
[3.881s] -- Symlinking: /home/benja/turtlebot3_ws/src/install/turtlebot3_manipulation_gazebo/share/turtlebot3_manipulation_gazebo/models/turtlebot3_home_service_challenge/marker7/model-1_5.sdf
[3.911s] -- Symlinking: /home/benja/turtlebot3_ws/src/install/turtlebot3_manipulation_gazebo/share/turtlebot3_manipulation_gazebo/models/turtlebot3_home_service_challenge/marker7/model.config
[3.937s] -- Symlinking: /home/benja/turtlebot3_ws/src/install/turtlebot3_manipulation_gazebo/share/turtlebot3_manipulation_gazebo/models/turtlebot3_home_service_challenge/marker7/model.sdf
[3.956s] -- Symlinking: /home/benja/turtlebot3_ws/src/install/turtlebot3_manipulation_gazebo/share/turtlebot3_manipulation_gazebo/models/turtlebot3_home_service_challenge/marker8/materials/textures/Marker8.png
[3.980s] -- Symlinking: /home/benja/turtlebot3_ws/src/install/turtlebot3_manipulation_gazebo/share/turtlebot3_manipulation_gazebo/models/turtlebot3_home_service_challenge/marker8/meshes/Marker8.dae
[4.002s] -- Symlinking: /home/benja/turtlebot3_ws/src/install/turtlebot3_manipulation_gazebo/share/turtlebot3_manipulation_gazebo/models/turtlebot3_home_service_challenge/marker8/model-1_4.sdf
[4.019s] -- Symlinking: /home/benja/turtlebot3_ws/src/install/turtlebot3_manipulation_gazebo/share/turtlebot3_manipulation_gazebo/models/turtlebot3_home_service_challenge/marker8/model-1_5.sdf
[4.043s] -- Symlinking: /home/benja/turtlebot3_ws/src/install/turtlebot3_manipulation_gazebo/share/turtlebot3_manipulation_gazebo/models/turtlebot3_home_service_challenge/marker8/model.config
[4.066s] -- Symlinking: /home/benja/turtlebot3_ws/src/install/turtlebot3_manipulation_gazebo/share/turtlebot3_manipulation_gazebo/models/turtlebot3_home_service_challenge/marker8/model.sdf
[4.085s] -- Symlinking: /home/benja/turtlebot3_ws/src/install/turtlebot3_manipulation_gazebo/share/turtlebot3_manipulation_gazebo/models/turtlebot3_home_service_challenge/marker9/materials/textures/Marker9.png
[4.118s] -- Symlinking: /home/benja/turtlebot3_ws/src/install/turtlebot3_manipulation_gazebo/share/turtlebot3_manipulation_gazebo/models/turtlebot3_home_service_challenge/marker9/meshes/Marker9.dae
[4.155s] -- Symlinking: /home/benja/turtlebot3_ws/src/install/turtlebot3_manipulation_gazebo/share/turtlebot3_manipulation_gazebo/models/turtlebot3_home_service_challenge/marker9/model-1_4.sdf
[4.189s] -- Symlinking: /home/benja/turtlebot3_ws/src/install/turtlebot3_manipulation_gazebo/share/turtlebot3_manipulation_gazebo/models/turtlebot3_home_service_challenge/marker9/model-1_5.sdf
[4.212s] -- Symlinking: /home/benja/turtlebot3_ws/src/install/turtlebot3_manipulation_gazebo/share/turtlebot3_manipulation_gazebo/models/turtlebot3_home_service_challenge/marker9/model.config
[4.243s] -- Symlinking: /home/benja/turtlebot3_ws/src/install/turtlebot3_manipulation_gazebo/share/turtlebot3_manipulation_gazebo/models/turtlebot3_home_service_challenge/marker9/model.sdf
[4.271s] -- Symlinking: /home/benja/turtlebot3_ws/src/install/turtlebot3_manipulation_gazebo/share/turtlebot3_manipulation_gazebo/meshes/open_manipulator_x/gripper_left_palm.stl
[4.293s] -- Symlinking: /home/benja/turtlebot3_ws/src/install/turtlebot3_manipulation_gazebo/share/turtlebot3_manipulation_gazebo/meshes/open_manipulator_x/gripper_right_palm.stl
[4.319s] -- Symlinking: /home/benja/turtlebot3_ws/src/install/turtlebot3_manipulation_gazebo/share/turtlebot3_manipulation_gazebo/meshes/open_manipulator_x/link1.stl
[4.339s] -- Symlinking: /home/benja/turtlebot3_ws/src/install/turtlebot3_manipulation_gazebo/share/turtlebot3_manipulation_gazebo/meshes/open_manipulator_x/link2.stl
[4.356s] -- Symlinking: /home/benja/turtlebot3_ws/src/install/turtlebot3_manipulation_gazebo/share/turtlebot3_manipulation_gazebo/meshes/open_manipulator_x/link3.stl
[4.391s] -- Symlinking: /home/benja/turtlebot3_ws/src/install/turtlebot3_manipulation_gazebo/share/turtlebot3_manipulation_gazebo/meshes/open_manipulator_x/link4.stl
[4.434s] -- Symlinking: /home/benja/turtlebot3_ws/src/install/turtlebot3_manipulation_gazebo/share/turtlebot3_manipulation_gazebo/meshes/open_manipulator_x/link5.stl
[4.471s] -- Symlinking: /home/benja/turtlebot3_ws/src/install/turtlebot3_manipulation_gazebo/share/turtlebot3_manipulation_gazebo/meshes/turtlebot3_waffle_pi/base.stl
[4.503s] -- Symlinking: /home/benja/turtlebot3_ws/src/install/turtlebot3_manipulation_gazebo/share/turtlebot3_manipulation_gazebo/meshes/turtlebot3_waffle_pi/ladar.stl
[4.536s] -- Symlinking: /home/benja/turtlebot3_ws/src/install/turtlebot3_manipulation_gazebo/share/turtlebot3_manipulation_gazebo/meshes/turtlebot3_waffle_pi/left_tire.stl
[4.571s] -- Symlinking: /home/benja/turtlebot3_ws/src/install/turtlebot3_manipulation_gazebo/share/turtlebot3_manipulation_gazebo/meshes/turtlebot3_waffle_pi/right_tire.stl
[4.610s] -- Symlinking: /home/benja/turtlebot3_ws/src/install/turtlebot3_manipulation_gazebo/share/ament_index/resource_index/package_run_dependencies/turtlebot3_manipulation_gazebo
[4.647s] -- Symlinking: /home/benja/turtlebot3_ws/src/install/turtlebot3_manipulation_gazebo/share/ament_index/resource_index/parent_prefix_path/turtlebot3_manipulation_gazebo
[4.670s] -- Symlinking: /home/benja/turtlebot3_ws/src/install/turtlebot3_manipulation_gazebo/share/turtlebot3_manipulation_gazebo/environment/ament_prefix_path.sh
[4.688s] -- Symlinking: /home/benja/turtlebot3_ws/src/install/turtlebot3_manipulation_gazebo/share/turtlebot3_manipulation_gazebo/environment/ament_prefix_path.dsv
[4.715s] -- Symlinking: /home/benja/turtlebot3_ws/src/install/turtlebot3_manipulation_gazebo/share/turtlebot3_manipulation_gazebo/environment/path.sh
[4.730s] -- Symlinking: /home/benja/turtlebot3_ws/src/install/turtlebot3_manipulation_gazebo/share/turtlebot3_manipulation_gazebo/environment/path.dsv
[4.753s] -- Symlinking: /home/benja/turtlebot3_ws/src/install/turtlebot3_manipulation_gazebo/share/turtlebot3_manipulation_gazebo/local_setup.bash
[4.782s] -- Symlinking: /home/benja/turtlebot3_ws/src/install/turtlebot3_manipulation_gazebo/share/turtlebot3_manipulation_gazebo/local_setup.sh
[4.815s] -- Symlinking: /home/benja/turtlebot3_ws/src/install/turtlebot3_manipulation_gazebo/share/turtlebot3_manipulation_gazebo/local_setup.zsh
[4.832s] -- Symlinking: /home/benja/turtlebot3_ws/src/install/turtlebot3_manipulation_gazebo/share/turtlebot3_manipulation_gazebo/local_setup.dsv
[4.849s] -- Symlinking: /home/benja/turtlebot3_ws/src/install/turtlebot3_manipulation_gazebo/share/turtlebot3_manipulation_gazebo/package.dsv
[4.886s] -- Symlinking: /home/benja/turtlebot3_ws/src/install/turtlebot3_manipulation_gazebo/share/ament_index/resource_index/packages/turtlebot3_manipulation_gazebo
[4.903s] -- Symlinking: /home/benja/turtlebot3_ws/src/install/turtlebot3_manipulation_gazebo/share/turtlebot3_manipulation_gazebo/cmake/turtlebot3_manipulation_gazeboConfig.cmake
[4.921s] -- Symlinking: /home/benja/turtlebot3_ws/src/install/turtlebot3_manipulation_gazebo/share/turtlebot3_manipulation_gazebo/cmake/turtlebot3_manipulation_gazeboConfig-version.cmake
[4.944s] -- Symlinking: /home/benja/turtlebot3_ws/src/install/turtlebot3_manipulation_gazebo/share/turtlebot3_manipulation_gazebo/package.xml
[4.964s] Invoked command in '/home/benja/turtlebot3_ws/src/build/turtlebot3_manipulation_gazebo' returned '0': CMAKE_PREFIX_PATH=${CMAKE_PREFIX_PATH}:/home/benja/turtlebot3_ws/install/turtlebot3_teleop:/home/benja/turtlebot3_ws/install/turtlebot3_example:/home/benja/turtlebot3_ws/install/follower:/home/benja/turtlebot3_ws/install/line_follower_description:/home/benja/turtlebot3_ws/install/line_follower_controller:/opt/ros/humble /usr/bin/cmake --install /home/benja/turtlebot3_ws/src/build/turtlebot3_manipulation_gazebo
