-- Install configuration: ""
-- Execute custom install script
-- Up-to-date symlink: /home/benja/turtlebot3_ws/install/line_follower_bringup/share/line_follower_bringup/launch/display.launch.py
-- Up-to-date symlink: /home/benja/turtlebot3_ws/install/line_follower_bringup/share/line_follower_bringup/launch/gazebo.launch.py
-- Up-to-date symlink: /home/benja/turtlebot3_ws/install/line_follower_bringup/share/line_follower_bringup/launch/gazebo_with_rviz.launch.py
-- Up-to-date symlink: /home/benja/turtlebot3_ws/install/line_follower_bringup/share/line_follower_bringup/launch/ignition.launch.py
-- Up-to-date symlink: /home/benja/turtlebot3_ws/install/line_follower_bringup/share/line_follower_bringup/launch/robot.launch.py
-- Up-to-date symlink: /home/benja/turtlebot3_ws/install/line_follower_bringup/share/ament_index/resource_index/package_run_dependencies/line_follower_bringup
-- Up-to-date symlink: /home/benja/turtlebot3_ws/install/line_follower_bringup/share/ament_index/resource_index/parent_prefix_path/line_follower_bringup
-- Up-to-date symlink: /home/benja/turtlebot3_ws/install/line_follower_bringup/share/line_follower_bringup/environment/ament_prefix_path.sh
-- Up-to-date symlink: /home/benja/turtlebot3_ws/install/line_follower_bringup/share/line_follower_bringup/environment/ament_prefix_path.dsv
-- Up-to-date symlink: /home/benja/turtlebot3_ws/install/line_follower_bringup/share/line_follower_bringup/environment/path.sh
-- Up-to-date symlink: /home/benja/turtlebot3_ws/install/line_follower_bringup/share/line_follower_bringup/environment/path.dsv
-- Up-to-date symlink: /home/benja/turtlebot3_ws/install/line_follower_bringup/share/line_follower_bringup/local_setup.bash
-- Up-to-date symlink: /home/benja/turtlebot3_ws/install/line_follower_bringup/share/line_follower_bringup/local_setup.sh
-- Up-to-date symlink: /home/benja/turtlebot3_ws/install/line_follower_bringup/share/line_follower_bringup/local_setup.zsh
-- Up-to-date symlink: /home/benja/turtlebot3_ws/install/line_follower_bringup/share/line_follower_bringup/local_setup.dsv
-- Symlinking: /home/benja/turtlebot3_ws/install/line_follower_bringup/share/line_follower_bringup/package.dsv
-- Up-to-date symlink: /home/benja/turtlebot3_ws/install/line_follower_bringup/share/ament_index/resource_index/packages/line_follower_bringup
-- Up-to-date symlink: /home/benja/turtlebot3_ws/install/line_follower_bringup/share/line_follower_bringup/cmake/line_follower_bringupConfig.cmake
-- Up-to-date symlink: /home/benja/turtlebot3_ws/install/line_follower_bringup/share/line_follower_bringup/cmake/line_follower_bringupConfig-version.cmake
-- Up-to-date symlink: /home/benja/turtlebot3_ws/install/line_follower_bringup/share/line_follower_bringup/package.xml
