[0.813s] Invoking command in '/home/benja/turtlebot3_ws/src/ros2-line-follower/build/line_follower_models': CMAKE_PREFIX_PATH=${CMAKE_PREFIX_PATH}:/home/benja/turtlebot3_ws/src/ros2-line-follower/install/line_follower_description:/home/benja/turtlebot3_ws/src/ros2-line-follower/install/line_follower_controller:/home/benja/turtlebot3_ws/src/ros2-line-follower/install/follower:/home/benja/turtlebot3_ws/install/turtlebot3_teleop:/home/benja/turtlebot3_ws/install/turtlebot3_example:/home/benja/turtlebot3_ws/install/follower:/home/benja/turtlebot3_ws/install/line_follower_description:/home/benja/turtlebot3_ws/install/line_follower_controller:/opt/ros/humble /usr/bin/cmake --build /home/benja/turtlebot3_ws/src/ros2-line-follower/build/line_follower_models -- -j12 -l12
[0.884s] Invoked command in '/home/benja/turtlebot3_ws/src/ros2-line-follower/build/line_follower_models' returned '0': CMAKE_PREFIX_PATH=${CMAKE_PREFIX_PATH}:/home/benja/turtlebot3_ws/src/ros2-line-follower/install/line_follower_description:/home/benja/turtlebot3_ws/src/ros2-line-follower/install/line_follower_controller:/home/benja/turtlebot3_ws/src/ros2-line-follower/install/follower:/home/benja/turtlebot3_ws/install/turtlebot3_teleop:/home/benja/turtlebot3_ws/install/turtlebot3_example:/home/benja/turtlebot3_ws/install/follower:/home/benja/turtlebot3_ws/install/line_follower_description:/home/benja/turtlebot3_ws/install/line_follower_controller:/opt/ros/humble /usr/bin/cmake --build /home/benja/turtlebot3_ws/src/ros2-line-follower/build/line_follower_models -- -j12 -l12
[0.887s] Invoking command in '/home/benja/turtlebot3_ws/src/ros2-line-follower/build/line_follower_models': CMAKE_PREFIX_PATH=${CMAKE_PREFIX_PATH}:/home/benja/turtlebot3_ws/src/ros2-line-follower/install/line_follower_description:/home/benja/turtlebot3_ws/src/ros2-line-follower/install/line_follower_controller:/home/benja/turtlebot3_ws/src/ros2-line-follower/install/follower:/home/benja/turtlebot3_ws/install/turtlebot3_teleop:/home/benja/turtlebot3_ws/install/turtlebot3_example:/home/benja/turtlebot3_ws/install/follower:/home/benja/turtlebot3_ws/install/line_follower_description:/home/benja/turtlebot3_ws/install/line_follower_controller:/opt/ros/humble /usr/bin/cmake --install /home/benja/turtlebot3_ws/src/ros2-line-follower/build/line_follower_models
[0.896s] -- Install configuration: ""
[0.897s] -- Execute custom install script
[0.897s] -- Up-to-date symlink: /home/benja/turtlebot3_ws/src/ros2-line-follower/install/line_follower_models/share/line_follower_models/models/line_path_ground_plane/materials/scripts/line_path_ground_plane.material
[0.898s] -- Up-to-date symlink: /home/benja/turtlebot3_ws/src/ros2-line-follower/install/line_follower_models/share/line_follower_models/models/line_path_ground_plane/materials/textures/line_path.png
[0.898s] -- Up-to-date symlink: /home/benja/turtlebot3_ws/src/ros2-line-follower/install/line_follower_models/share/line_follower_models/models/line_path_ground_plane/materials/textures/path_1.png
[0.898s] -- Up-to-date symlink: /home/benja/turtlebot3_ws/src/ros2-line-follower/install/line_follower_models/share/line_follower_models/models/line_path_ground_plane/materials/textures/path_2.png
[0.898s] -- Up-to-date symlink: /home/benja/turtlebot3_ws/src/ros2-line-follower/install/line_follower_models/share/line_follower_models/models/line_path_ground_plane/model.config
[0.898s] -- Up-to-date symlink: /home/benja/turtlebot3_ws/src/ros2-line-follower/install/line_follower_models/share/line_follower_models/models/line_path_ground_plane/model.sdf
[0.898s] -- Up-to-date symlink: /home/benja/turtlebot3_ws/src/ros2-line-follower/install/line_follower_models/share/line_follower_models/models/materials/scripts/line_path_ground_plane.material
[0.899s] -- Up-to-date symlink: /home/benja/turtlebot3_ws/src/ros2-line-follower/install/line_follower_models/share/line_follower_models/models/materials/textures/line_path.png
[0.899s] -- Up-to-date symlink: /home/benja/turtlebot3_ws/src/ros2-line-follower/install/line_follower_models/share/line_follower_models/models/materials/textures/path_1.png
[0.899s] -- Up-to-date symlink: /home/benja/turtlebot3_ws/src/ros2-line-follower/install/line_follower_models/share/line_follower_models/models/materials/textures/path_2.png
[0.899s] -- Up-to-date symlink: /home/benja/turtlebot3_ws/src/ros2-line-follower/install/line_follower_models/share/ament_index/resource_index/package_run_dependencies/line_follower_models
[0.899s] -- Up-to-date symlink: /home/benja/turtlebot3_ws/src/ros2-line-follower/install/line_follower_models/share/ament_index/resource_index/parent_prefix_path/line_follower_models
[0.900s] -- Up-to-date symlink: /home/benja/turtlebot3_ws/src/ros2-line-follower/install/line_follower_models/share/line_follower_models/environment/ament_prefix_path.sh
[0.900s] -- Up-to-date symlink: /home/benja/turtlebot3_ws/src/ros2-line-follower/install/line_follower_models/share/line_follower_models/environment/ament_prefix_path.dsv
[0.900s] -- Up-to-date symlink: /home/benja/turtlebot3_ws/src/ros2-line-follower/install/line_follower_models/share/line_follower_models/environment/path.sh
[0.900s] -- Up-to-date symlink: /home/benja/turtlebot3_ws/src/ros2-line-follower/install/line_follower_models/share/line_follower_models/environment/path.dsv
[0.900s] -- Up-to-date symlink: /home/benja/turtlebot3_ws/src/ros2-line-follower/install/line_follower_models/share/line_follower_models/local_setup.bash
[0.900s] -- Up-to-date symlink: /home/benja/turtlebot3_ws/src/ros2-line-follower/install/line_follower_models/share/line_follower_models/local_setup.sh
[0.901s] -- Up-to-date symlink: /home/benja/turtlebot3_ws/src/ros2-line-follower/install/line_follower_models/share/line_follower_models/local_setup.zsh
[0.901s] -- Up-to-date symlink: /home/benja/turtlebot3_ws/src/ros2-line-follower/install/line_follower_models/share/line_follower_models/local_setup.dsv
[0.901s] -- Symlinking: /home/benja/turtlebot3_ws/src/ros2-line-follower/install/line_follower_models/share/line_follower_models/package.dsv
[0.913s] -- Up-to-date symlink: /home/benja/turtlebot3_ws/src/ros2-line-follower/install/line_follower_models/share/ament_index/resource_index/packages/line_follower_models
[0.914s] -- Up-to-date symlink: /home/benja/turtlebot3_ws/src/ros2-line-follower/install/line_follower_models/share/line_follower_models/cmake/line_follower_modelsConfig.cmake
[0.914s] -- Up-to-date symlink: /home/benja/turtlebot3_ws/src/ros2-line-follower/install/line_follower_models/share/line_follower_models/cmake/line_follower_modelsConfig-version.cmake
[0.914s] -- Up-to-date symlink: /home/benja/turtlebot3_ws/src/ros2-line-follower/install/line_follower_models/share/line_follower_models/package.xml
[0.932s] Invoked command in '/home/benja/turtlebot3_ws/src/ros2-line-follower/build/line_follower_models' returned '0': CMAKE_PREFIX_PATH=${CMAKE_PREFIX_PATH}:/home/benja/turtlebot3_ws/src/ros2-line-follower/install/line_follower_description:/home/benja/turtlebot3_ws/src/ros2-line-follower/install/line_follower_controller:/home/benja/turtlebot3_ws/src/ros2-line-follower/install/follower:/home/benja/turtlebot3_ws/install/turtlebot3_teleop:/home/benja/turtlebot3_ws/install/turtlebot3_example:/home/benja/turtlebot3_ws/install/follower:/home/benja/turtlebot3_ws/install/line_follower_description:/home/benja/turtlebot3_ws/install/line_follower_controller:/opt/ros/humble /usr/bin/cmake --install /home/benja/turtlebot3_ws/src/ros2-line-follower/build/line_follower_models
