[0.298s] Invoking command in '/home/benja/turtlebot3_ws/src/ros2-line-follower/build/line_follower_bringup': CMAKE_PREFIX_PATH=${CMAKE_PREFIX_PATH}:/home/benja/turtlebot3_ws/src/ros2-line-follower/install/line_follower_description:/home/benja/turtlebot3_ws/src/ros2-line-follower/install/line_follower_controller:/home/benja/turtlebot3_ws/src/ros2-line-follower/install/follower:/home/benja/turtlebot3_ws/install/turtlebot3_teleop:/home/benja/turtlebot3_ws/install/turtlebot3_example:/home/benja/turtlebot3_ws/install/follower:/home/benja/turtlebot3_ws/install/line_follower_description:/home/benja/turtlebot3_ws/install/line_follower_controller:/opt/ros/humble /usr/bin/cmake --build /home/benja/turtlebot3_ws/src/ros2-line-follower/build/line_follower_bringup -- -j12 -l12
[0.839s] Invoked command in '/home/benja/turtlebot3_ws/src/ros2-line-follower/build/line_follower_bringup' returned '0': CMAKE_PREFIX_PATH=${CMAKE_PREFIX_PATH}:/home/benja/turtlebot3_ws/src/ros2-line-follower/install/line_follower_description:/home/benja/turtlebot3_ws/src/ros2-line-follower/install/line_follower_controller:/home/benja/turtlebot3_ws/src/ros2-line-follower/install/follower:/home/benja/turtlebot3_ws/install/turtlebot3_teleop:/home/benja/turtlebot3_ws/install/turtlebot3_example:/home/benja/turtlebot3_ws/install/follower:/home/benja/turtlebot3_ws/install/line_follower_description:/home/benja/turtlebot3_ws/install/line_follower_controller:/opt/ros/humble /usr/bin/cmake --build /home/benja/turtlebot3_ws/src/ros2-line-follower/build/line_follower_bringup -- -j12 -l12
[0.849s] Invoking command in '/home/benja/turtlebot3_ws/src/ros2-line-follower/build/line_follower_bringup': CMAKE_PREFIX_PATH=${CMAKE_PREFIX_PATH}:/home/benja/turtlebot3_ws/src/ros2-line-follower/install/line_follower_description:/home/benja/turtlebot3_ws/src/ros2-line-follower/install/line_follower_controller:/home/benja/turtlebot3_ws/src/ros2-line-follower/install/follower:/home/benja/turtlebot3_ws/install/turtlebot3_teleop:/home/benja/turtlebot3_ws/install/turtlebot3_example:/home/benja/turtlebot3_ws/install/follower:/home/benja/turtlebot3_ws/install/line_follower_description:/home/benja/turtlebot3_ws/install/line_follower_controller:/opt/ros/humble /usr/bin/cmake --install /home/benja/turtlebot3_ws/src/ros2-line-follower/build/line_follower_bringup
[0.857s] -- Install configuration: ""
[0.857s] -- Execute custom install script
[0.857s] -- Up-to-date symlink: /home/benja/turtlebot3_ws/src/ros2-line-follower/install/line_follower_bringup/share/line_follower_bringup/launch/display.launch.py
[0.858s] -- Up-to-date symlink: /home/benja/turtlebot3_ws/src/ros2-line-follower/install/line_follower_bringup/share/line_follower_bringup/launch/gazebo.launch.py
[0.858s] -- Up-to-date symlink: /home/benja/turtlebot3_ws/src/ros2-line-follower/install/line_follower_bringup/share/line_follower_bringup/launch/gazebo_with_rviz.launch.py
[0.858s] -- Up-to-date symlink: /home/benja/turtlebot3_ws/src/ros2-line-follower/install/line_follower_bringup/share/line_follower_bringup/launch/ignition.launch.py
[0.858s] -- Up-to-date symlink: /home/benja/turtlebot3_ws/src/ros2-line-follower/install/line_follower_bringup/share/line_follower_bringup/launch/robot.launch.py
[0.858s] -- Up-to-date symlink: /home/benja/turtlebot3_ws/src/ros2-line-follower/install/line_follower_bringup/share/ament_index/resource_index/package_run_dependencies/line_follower_bringup
[0.859s] -- Up-to-date symlink: /home/benja/turtlebot3_ws/src/ros2-line-follower/install/line_follower_bringup/share/ament_index/resource_index/parent_prefix_path/line_follower_bringup
[0.859s] -- Up-to-date symlink: /home/benja/turtlebot3_ws/src/ros2-line-follower/install/line_follower_bringup/share/line_follower_bringup/environment/ament_prefix_path.sh
[0.859s] -- Up-to-date symlink: /home/benja/turtlebot3_ws/src/ros2-line-follower/install/line_follower_bringup/share/line_follower_bringup/environment/ament_prefix_path.dsv
[0.859s] -- Up-to-date symlink: /home/benja/turtlebot3_ws/src/ros2-line-follower/install/line_follower_bringup/share/line_follower_bringup/environment/path.sh
[0.860s] -- Up-to-date symlink: /home/benja/turtlebot3_ws/src/ros2-line-follower/install/line_follower_bringup/share/line_follower_bringup/environment/path.dsv
[0.860s] -- Up-to-date symlink: /home/benja/turtlebot3_ws/src/ros2-line-follower/install/line_follower_bringup/share/line_follower_bringup/local_setup.bash
[0.860s] -- Up-to-date symlink: /home/benja/turtlebot3_ws/src/ros2-line-follower/install/line_follower_bringup/share/line_follower_bringup/local_setup.sh
[0.860s] -- Up-to-date symlink: /home/benja/turtlebot3_ws/src/ros2-line-follower/install/line_follower_bringup/share/line_follower_bringup/local_setup.zsh
[0.860s] -- Up-to-date symlink: /home/benja/turtlebot3_ws/src/ros2-line-follower/install/line_follower_bringup/share/line_follower_bringup/local_setup.dsv
[0.861s] -- Symlinking: /home/benja/turtlebot3_ws/src/ros2-line-follower/install/line_follower_bringup/share/line_follower_bringup/package.dsv
[0.872s] -- Up-to-date symlink: /home/benja/turtlebot3_ws/src/ros2-line-follower/install/line_follower_bringup/share/ament_index/resource_index/packages/line_follower_bringup
[0.872s] -- Up-to-date symlink: /home/benja/turtlebot3_ws/src/ros2-line-follower/install/line_follower_bringup/share/line_follower_bringup/cmake/line_follower_bringupConfig.cmake
[0.872s] -- Up-to-date symlink: /home/benja/turtlebot3_ws/src/ros2-line-follower/install/line_follower_bringup/share/line_follower_bringup/cmake/line_follower_bringupConfig-version.cmake
[0.872s] -- Up-to-date symlink: /home/benja/turtlebot3_ws/src/ros2-line-follower/install/line_follower_bringup/share/line_follower_bringup/package.xml
[0.875s] Invoked command in '/home/benja/turtlebot3_ws/src/ros2-line-follower/build/line_follower_bringup' returned '0': CMAKE_PREFIX_PATH=${CMAKE_PREFIX_PATH}:/home/benja/turtlebot3_ws/src/ros2-line-follower/install/line_follower_description:/home/benja/turtlebot3_ws/src/ros2-line-follower/install/line_follower_controller:/home/benja/turtlebot3_ws/src/ros2-line-follower/install/follower:/home/benja/turtlebot3_ws/install/turtlebot3_teleop:/home/benja/turtlebot3_ws/install/turtlebot3_example:/home/benja/turtlebot3_ws/install/follower:/home/benja/turtlebot3_ws/install/line_follower_description:/home/benja/turtlebot3_ws/install/line_follower_controller:/opt/ros/humble /usr/bin/cmake --install /home/benja/turtlebot3_ws/src/ros2-line-follower/build/line_follower_bringup
