[1.552s] Invoking command in '/home/benja/turtlebot3_ws/build/follower': CMAKE_PREFIX_PATH=/home/benja/turtlebot3_ws/install/turtlebot3_gazebo:/home/benja/turtlebot3_ws/install/turtlebot3:/home/benja/turtlebot3_ws/install/turtlebot3_simulations:/home/benja/turtlebot3_ws/install/turtlebot3_bringup:/home/benja/turtlebot3_ws/install/turtlebot3_node:/home/benja/turtlebot3_ws/install/turtlebot3_navigation2:/home/benja/turtlebot3_ws/install/turtlebot3_fake_node:/home/benja/turtlebot3_ws/install/turtlebot3_msgs:/home/benja/turtlebot3_ws/install/turtlebot3_manipulation_gazebo:/home/benja/turtlebot3_ws/install/turtlebot3_description:/home/benja/turtlebot3_ws/install/turtlebot3_cartographer:/home/benja/turtlebot3_ws/install/line_follower_worlds:/home/benja/turtlebot3_ws/install/line_follower_models:/home/benja/turtlebot3_ws/install/line_follower_bringup:/home/benja/turtlebot3_ws/install/dynamixel_sdk_examples:/home/benja/turtlebot3_ws/install/dynamixel_sdk_custom_interfaces:/home/benja/turtlebot3_ws/install/dynamixel_sdk PYTHONPATH=/home/benja/turtlebot3_ws/build/follower/prefix_override:/usr/lib/python3/dist-packages/colcon_core/task/python/colcon_distutils_commands:/home/benja/turtlebot3_ws/install/follower/lib/python3.10/site-packages:${PYTHONPATH} /usr/bin/python3 -W ignore:setup.py install is deprecated -W ignore:easy_install command is deprecated setup.py develop --editable --build-directory /home/benja/turtlebot3_ws/build/follower/build --no-deps symlink_data
[1.820s] /usr/lib/python3/dist-packages/setuptools/dist.py:723: UserWarning: Usage of dash-separated 'script-dir' will not be supported in future versions. Please use the underscore name 'script_dir' instead
[1.820s]   warnings.warn(
[1.847s] running develop
[2.016s] running egg_info
[2.016s] writing follower.egg-info/PKG-INFO
[2.017s] writing dependency_links to follower.egg-info/dependency_links.txt
[2.017s] writing entry points to follower.egg-info/entry_points.txt
[2.017s] writing requirements to follower.egg-info/requires.txt
[2.017s] writing top-level names to follower.egg-info/top_level.txt
[2.018s] reading manifest file 'follower.egg-info/SOURCES.txt'
[2.019s] writing manifest file 'follower.egg-info/SOURCES.txt'
[2.020s] running build_ext
[2.020s] Creating /home/benja/turtlebot3_ws/install/follower/lib/python3.10/site-packages/follower.egg-link (link to .)
[2.021s] Installing follower_node script to /home/benja/turtlebot3_ws/install/follower/lib/follower
[2.021s] Installing line_map_node script to /home/benja/turtlebot3_ws/install/follower/lib/follower
[2.021s] Installing tester script to /home/benja/turtlebot3_ws/install/follower/lib/follower
[2.021s] 
[2.021s] Installed /home/benja/turtlebot3_ws/build/follower
[2.021s] running symlink_data
[2.044s] Invoked command in '/home/benja/turtlebot3_ws/build/follower' returned '0': CMAKE_PREFIX_PATH=/home/benja/turtlebot3_ws/install/turtlebot3_gazebo:/home/benja/turtlebot3_ws/install/turtlebot3:/home/benja/turtlebot3_ws/install/turtlebot3_simulations:/home/benja/turtlebot3_ws/install/turtlebot3_bringup:/home/benja/turtlebot3_ws/install/turtlebot3_node:/home/benja/turtlebot3_ws/install/turtlebot3_navigation2:/home/benja/turtlebot3_ws/install/turtlebot3_fake_node:/home/benja/turtlebot3_ws/install/turtlebot3_msgs:/home/benja/turtlebot3_ws/install/turtlebot3_manipulation_gazebo:/home/benja/turtlebot3_ws/install/turtlebot3_description:/home/benja/turtlebot3_ws/install/turtlebot3_cartographer:/home/benja/turtlebot3_ws/install/line_follower_worlds:/home/benja/turtlebot3_ws/install/line_follower_models:/home/benja/turtlebot3_ws/install/line_follower_bringup:/home/benja/turtlebot3_ws/install/dynamixel_sdk_examples:/home/benja/turtlebot3_ws/install/dynamixel_sdk_custom_interfaces:/home/benja/turtlebot3_ws/install/dynamixel_sdk PYTHONPATH=/home/benja/turtlebot3_ws/build/follower/prefix_override:/usr/lib/python3/dist-packages/colcon_core/task/python/colcon_distutils_commands:/home/benja/turtlebot3_ws/install/follower/lib/python3.10/site-packages:${PYTHONPATH} /usr/bin/python3 -W ignore:setup.py install is deprecated -W ignore:easy_install command is deprecated setup.py develop --editable --build-directory /home/benja/turtlebot3_ws/build/follower/build --no-deps symlink_data
