-- The C compiler identification is GNU 11.4.0
-- The CXX compiler identification is GNU 11.4.0
-- Detecting C compiler ABI info
-- Detecting C compiler ABI info - done
-- Check for working C compiler: /usr/bin/cc - skipped
-- Detecting C compile features
-- Detecting C compile features - done
-- Detecting CXX compiler ABI info
-- Detecting CXX compiler ABI info - done
-- Check for working CXX compiler: /usr/bin/c++ - skipped
-- Detecting CXX compile features
-- Detecting CXX compile features - done
-- Found ament_cmake: 1.3.14 (/opt/ros/humble/share/ament_cmake/cmake)
-- Found Python3: /usr/bin/python3 (found version "3.10.12") found components: Interpreter 
-- Override CMake install command with custom implementation using symlinks instead of copying resources
-- Configuring done
-- Generating done
-- Build files have been written to: /home/benja/turtlebot3_ws/src/build/line_follower_bringup
-- Install configuration: ""
-- Execute custom install script
-- Symlinking: /home/benja/turtlebot3_ws/src/install/line_follower_bringup/share/line_follower_bringup/launch/display.launch.py
-- Symlinking: /home/benja/turtlebot3_ws/src/install/line_follower_bringup/share/line_follower_bringup/launch/gazebo.launch.py
-- Symlinking: /home/benja/turtlebot3_ws/src/install/line_follower_bringup/share/line_follower_bringup/launch/gazebo_with_rviz.launch.py
-- Symlinking: /home/benja/turtlebot3_ws/src/install/line_follower_bringup/share/line_follower_bringup/launch/ignition.launch.py
-- Symlinking: /home/benja/turtlebot3_ws/src/install/line_follower_bringup/share/line_follower_bringup/launch/robot.launch.py
-- Symlinking: /home/benja/turtlebot3_ws/src/install/line_follower_bringup/share/ament_index/resource_index/package_run_dependencies/line_follower_bringup
-- Symlinking: /home/benja/turtlebot3_ws/src/install/line_follower_bringup/share/ament_index/resource_index/parent_prefix_path/line_follower_bringup
-- Symlinking: /home/benja/turtlebot3_ws/src/install/line_follower_bringup/share/line_follower_bringup/environment/ament_prefix_path.sh
-- Symlinking: /home/benja/turtlebot3_ws/src/install/line_follower_bringup/share/line_follower_bringup/environment/ament_prefix_path.dsv
-- Symlinking: /home/benja/turtlebot3_ws/src/install/line_follower_bringup/share/line_follower_bringup/environment/path.sh
-- Symlinking: /home/benja/turtlebot3_ws/src/install/line_follower_bringup/share/line_follower_bringup/environment/path.dsv
-- Symlinking: /home/benja/turtlebot3_ws/src/install/line_follower_bringup/share/line_follower_bringup/local_setup.bash
-- Symlinking: /home/benja/turtlebot3_ws/src/install/line_follower_bringup/share/line_follower_bringup/local_setup.sh
-- Symlinking: /home/benja/turtlebot3_ws/src/install/line_follower_bringup/share/line_follower_bringup/local_setup.zsh
-- Symlinking: /home/benja/turtlebot3_ws/src/install/line_follower_bringup/share/line_follower_bringup/local_setup.dsv
-- Symlinking: /home/benja/turtlebot3_ws/src/install/line_follower_bringup/share/line_follower_bringup/package.dsv
-- Symlinking: /home/benja/turtlebot3_ws/src/install/line_follower_bringup/share/ament_index/resource_index/packages/line_follower_bringup
-- Symlinking: /home/benja/turtlebot3_ws/src/install/line_follower_bringup/share/line_follower_bringup/cmake/line_follower_bringupConfig.cmake
-- Symlinking: /home/benja/turtlebot3_ws/src/install/line_follower_bringup/share/line_follower_bringup/cmake/line_follower_bringupConfig-version.cmake
-- Symlinking: /home/benja/turtlebot3_ws/src/install/line_follower_bringup/share/line_follower_bringup/package.xml
