[0.527s] Invoking command in '/home/benja/turtlebot3_ws/src/build/line_follower_bringup': CMAKE_PREFIX_PATH=${CMAKE_PREFIX_PATH}:/home/benja/turtlebot3_ws/install/turtlebot3_teleop:/home/benja/turtlebot3_ws/install/turtlebot3_example:/home/benja/turtlebot3_ws/install/follower:/home/benja/turtlebot3_ws/install/line_follower_description:/home/benja/turtlebot3_ws/install/line_follower_controller:/opt/ros/humble /usr/bin/cmake /home/benja/turtlebot3_ws/src/ros2-line-follower/follower2 (MyW)/line_follower_bringup -DAMENT_CMAKE_SYMLINK_INSTALL=1 -DCMAKE_INSTALL_PREFIX=/home/benja/turtlebot3_ws/src/install/line_follower_bringup
[1.636s] -- The C compiler identification is GNU 11.4.0
[1.637s] -- The CXX compiler identification is GNU 11.4.0
[1.637s] -- Detecting C compiler ABI info
[1.637s] -- Detecting C compiler ABI info - done
[1.637s] -- Check for working C compiler: /usr/bin/cc - skipped
[1.637s] -- Detecting C compile features
[1.638s] -- Detecting C compile features - done
[1.638s] -- Detecting CXX compiler ABI info
[1.638s] -- Detecting CXX compiler ABI info - done
[1.638s] -- Check for working CXX compiler: /usr/bin/c++ - skipped
[1.639s] -- Detecting CXX compile features
[1.647s] -- Detecting CXX compile features - done
[1.659s] -- Found ament_cmake: 1.3.14 (/opt/ros/humble/share/ament_cmake/cmake)
[1.659s] -- Found Python3: /usr/bin/python3 (found version "3.10.12") found components: Interpreter 
[1.659s] -- Override CMake install command with custom implementation using symlinks instead of copying resources
[1.833s] -- Configuring done
[1.836s] -- Generating done
[1.840s] -- Build files have been written to: /home/benja/turtlebot3_ws/src/build/line_follower_bringup
[1.860s] Invoked command in '/home/benja/turtlebot3_ws/src/build/line_follower_bringup' returned '0': CMAKE_PREFIX_PATH=${CMAKE_PREFIX_PATH}:/home/benja/turtlebot3_ws/install/turtlebot3_teleop:/home/benja/turtlebot3_ws/install/turtlebot3_example:/home/benja/turtlebot3_ws/install/follower:/home/benja/turtlebot3_ws/install/line_follower_description:/home/benja/turtlebot3_ws/install/line_follower_controller:/opt/ros/humble /usr/bin/cmake /home/benja/turtlebot3_ws/src/ros2-line-follower/follower2 (MyW)/line_follower_bringup -DAMENT_CMAKE_SYMLINK_INSTALL=1 -DCMAKE_INSTALL_PREFIX=/home/benja/turtlebot3_ws/src/install/line_follower_bringup
[1.863s] Invoking command in '/home/benja/turtlebot3_ws/src/build/line_follower_bringup': CMAKE_PREFIX_PATH=${CMAKE_PREFIX_PATH}:/home/benja/turtlebot3_ws/install/turtlebot3_teleop:/home/benja/turtlebot3_ws/install/turtlebot3_example:/home/benja/turtlebot3_ws/install/follower:/home/benja/turtlebot3_ws/install/line_follower_description:/home/benja/turtlebot3_ws/install/line_follower_controller:/opt/ros/humble /usr/bin/cmake --build /home/benja/turtlebot3_ws/src/build/line_follower_bringup -- -j12 -l12
[2.288s] Invoked command in '/home/benja/turtlebot3_ws/src/build/line_follower_bringup' returned '0': CMAKE_PREFIX_PATH=${CMAKE_PREFIX_PATH}:/home/benja/turtlebot3_ws/install/turtlebot3_teleop:/home/benja/turtlebot3_ws/install/turtlebot3_example:/home/benja/turtlebot3_ws/install/follower:/home/benja/turtlebot3_ws/install/line_follower_description:/home/benja/turtlebot3_ws/install/line_follower_controller:/opt/ros/humble /usr/bin/cmake --build /home/benja/turtlebot3_ws/src/build/line_follower_bringup -- -j12 -l12
[2.289s] Invoking command in '/home/benja/turtlebot3_ws/src/build/line_follower_bringup': CMAKE_PREFIX_PATH=${CMAKE_PREFIX_PATH}:/home/benja/turtlebot3_ws/install/turtlebot3_teleop:/home/benja/turtlebot3_ws/install/turtlebot3_example:/home/benja/turtlebot3_ws/install/follower:/home/benja/turtlebot3_ws/install/line_follower_description:/home/benja/turtlebot3_ws/install/line_follower_controller:/opt/ros/humble /usr/bin/cmake --install /home/benja/turtlebot3_ws/src/build/line_follower_bringup
[2.321s] -- Install configuration: ""
[2.332s] -- Execute custom install script
[2.332s] -- Symlinking: /home/benja/turtlebot3_ws/src/install/line_follower_bringup/share/line_follower_bringup/launch/display.launch.py
[2.371s] -- Symlinking: /home/benja/turtlebot3_ws/src/install/line_follower_bringup/share/line_follower_bringup/launch/gazebo.launch.py
[2.399s] -- Symlinking: /home/benja/turtlebot3_ws/src/install/line_follower_bringup/share/line_follower_bringup/launch/gazebo_with_rviz.launch.py
[2.440s] -- Symlinking: /home/benja/turtlebot3_ws/src/install/line_follower_bringup/share/line_follower_bringup/launch/ignition.launch.py
[2.473s] -- Symlinking: /home/benja/turtlebot3_ws/src/install/line_follower_bringup/share/line_follower_bringup/launch/robot.launch.py
[2.517s] -- Symlinking: /home/benja/turtlebot3_ws/src/install/line_follower_bringup/share/ament_index/resource_index/package_run_dependencies/line_follower_bringup
[2.547s] -- Symlinking: /home/benja/turtlebot3_ws/src/install/line_follower_bringup/share/ament_index/resource_index/parent_prefix_path/line_follower_bringup
[2.587s] -- Symlinking: /home/benja/turtlebot3_ws/src/install/line_follower_bringup/share/line_follower_bringup/environment/ament_prefix_path.sh
[2.630s] -- Symlinking: /home/benja/turtlebot3_ws/src/install/line_follower_bringup/share/line_follower_bringup/environment/ament_prefix_path.dsv
[2.657s] -- Symlinking: /home/benja/turtlebot3_ws/src/install/line_follower_bringup/share/line_follower_bringup/environment/path.sh
[2.684s] -- Symlinking: /home/benja/turtlebot3_ws/src/install/line_follower_bringup/share/line_follower_bringup/environment/path.dsv
[2.725s] -- Symlinking: /home/benja/turtlebot3_ws/src/install/line_follower_bringup/share/line_follower_bringup/local_setup.bash
[2.757s] -- Symlinking: /home/benja/turtlebot3_ws/src/install/line_follower_bringup/share/line_follower_bringup/local_setup.sh
[2.796s] -- Symlinking: /home/benja/turtlebot3_ws/src/install/line_follower_bringup/share/line_follower_bringup/local_setup.zsh
[2.810s] -- Symlinking: /home/benja/turtlebot3_ws/src/install/line_follower_bringup/share/line_follower_bringup/local_setup.dsv
[2.827s] -- Symlinking: /home/benja/turtlebot3_ws/src/install/line_follower_bringup/share/line_follower_bringup/package.dsv
[2.870s] -- Symlinking: /home/benja/turtlebot3_ws/src/install/line_follower_bringup/share/ament_index/resource_index/packages/line_follower_bringup
[2.911s] -- Symlinking: /home/benja/turtlebot3_ws/src/install/line_follower_bringup/share/line_follower_bringup/cmake/line_follower_bringupConfig.cmake
[2.945s] -- Symlinking: /home/benja/turtlebot3_ws/src/install/line_follower_bringup/share/line_follower_bringup/cmake/line_follower_bringupConfig-version.cmake
[2.959s] -- Symlinking: /home/benja/turtlebot3_ws/src/install/line_follower_bringup/share/line_follower_bringup/package.xml
[3.818s] Invoked command in '/home/benja/turtlebot3_ws/src/build/line_follower_bringup' returned '0': CMAKE_PREFIX_PATH=${CMAKE_PREFIX_PATH}:/home/benja/turtlebot3_ws/install/turtlebot3_teleop:/home/benja/turtlebot3_ws/install/turtlebot3_example:/home/benja/turtlebot3_ws/install/follower:/home/benja/turtlebot3_ws/install/line_follower_description:/home/benja/turtlebot3_ws/install/line_follower_controller:/opt/ros/humble /usr/bin/cmake --install /home/benja/turtlebot3_ws/src/build/line_follower_bringup
