[4.625s] Invoking command in '/home/benja/turtlebot3_ws/src/build/line_follower_description': PYTHONPATH=/home/benja/turtlebot3_ws/src/build/line_follower_description/prefix_override:/usr/lib/python3/dist-packages/colcon_core/task/python/colcon_distutils_commands:/home/benja/turtlebot3_ws/src/install/line_follower_description/lib/python3.10/site-packages:${PYTHONPATH} /usr/bin/python3 -W ignore:setup.py install is deprecated -W ignore:easy_install command is deprecated setup.py develop --editable --build-directory /home/benja/turtlebot3_ws/src/build/line_follower_description/build --no-deps symlink_data
[5.407s] running develop
[5.922s] running egg_info
[5.922s] creating line_follower_description.egg-info
[5.923s] writing line_follower_description.egg-info/PKG-INFO
[5.923s] writing dependency_links to line_follower_description.egg-info/dependency_links.txt
[5.923s] writing entry points to line_follower_description.egg-info/entry_points.txt
[5.923s] writing requirements to line_follower_description.egg-info/requires.txt
[5.924s] writing top-level names to line_follower_description.egg-info/top_level.txt
[5.924s] writing manifest file 'line_follower_description.egg-info/SOURCES.txt'
[5.929s] reading manifest file 'line_follower_description.egg-info/SOURCES.txt'
[5.931s] writing manifest file 'line_follower_description.egg-info/SOURCES.txt'
[5.935s] running build_ext
[5.935s] Creating /home/benja/turtlebot3_ws/src/install/line_follower_description/lib/python3.10/site-packages/line-follower-description.egg-link (link to .)
[5.937s] 
[5.937s] Installed /home/benja/turtlebot3_ws/src/build/line_follower_description
[5.937s] running symlink_data
[5.937s] creating /home/benja/turtlebot3_ws/src/install/line_follower_description/share/ament_index
[5.938s] creating /home/benja/turtlebot3_ws/src/install/line_follower_description/share/ament_index/resource_index
[5.938s] creating /home/benja/turtlebot3_ws/src/install/line_follower_description/share/ament_index/resource_index/packages
[5.938s] symbolically linking /home/benja/turtlebot3_ws/src/build/line_follower_description/resource/line_follower_description -> /home/benja/turtlebot3_ws/src/install/line_follower_description/share/ament_index/resource_index/packages
[5.938s] symbolically linking /home/benja/turtlebot3_ws/src/build/line_follower_description/package.xml -> /home/benja/turtlebot3_ws/src/install/line_follower_description/share/line_follower_description
[5.938s] creating /home/benja/turtlebot3_ws/src/install/line_follower_description/share/line_follower_description/launch
[5.938s] creating /home/benja/turtlebot3_ws/src/install/line_follower_description/share/line_follower_description/sample_urdf
[5.939s] symbolically linking /home/benja/turtlebot3_ws/src/build/line_follower_description/sample_urdf/drone.urdf.xacro -> /home/benja/turtlebot3_ws/src/install/line_follower_description/share/line_follower_description/sample_urdf
[5.939s] symbolically linking /home/benja/turtlebot3_ws/src/build/line_follower_description/sample_urdf/robot.urdf.xacro -> /home/benja/turtlebot3_ws/src/install/line_follower_description/share/line_follower_description/sample_urdf
[5.939s] symbolically linking /home/benja/turtlebot3_ws/src/build/line_follower_description/sample_urdf/camera.plugin.urdf.xacro -> /home/benja/turtlebot3_ws/src/install/line_follower_description/share/line_follower_description/sample_urdf
[5.939s] symbolically linking /home/benja/turtlebot3_ws/src/build/line_follower_description/sample_urdf/line_follower.urdf.xacro -> /home/benja/turtlebot3_ws/src/install/line_follower_description/share/line_follower_description/sample_urdf
[5.940s] symbolically linking /home/benja/turtlebot3_ws/src/build/line_follower_description/sample_urdf/line_follower.gazebo.urdf.xacro -> /home/benja/turtlebot3_ws/src/install/line_follower_description/share/line_follower_description/sample_urdf
[5.940s] symbolically linking /home/benja/turtlebot3_ws/src/build/line_follower_description/sample_urdf/plugins.urdf.xacro -> /home/benja/turtlebot3_ws/src/install/line_follower_description/share/line_follower_description/sample_urdf
[5.940s] symbolically linking /home/benja/turtlebot3_ws/src/build/line_follower_description/sample_urdf/common.urdf.xacro -> /home/benja/turtlebot3_ws/src/install/line_follower_description/share/line_follower_description/sample_urdf
[5.940s] symbolically linking /home/benja/turtlebot3_ws/src/build/line_follower_description/sample_urdf/variables.urdf.xacro -> /home/benja/turtlebot3_ws/src/install/line_follower_description/share/line_follower_description/sample_urdf
[5.940s] creating /home/benja/turtlebot3_ws/src/install/line_follower_description/share/line_follower_description/robot_urdf
[5.941s] symbolically linking /home/benja/turtlebot3_ws/src/build/line_follower_description/robot_urdf/base_footprint.xacro -> /home/benja/turtlebot3_ws/src/install/line_follower_description/share/line_follower_description/robot_urdf
[5.941s] symbolically linking /home/benja/turtlebot3_ws/src/build/line_follower_description/robot_urdf/camera.xacro -> /home/benja/turtlebot3_ws/src/install/line_follower_description/share/line_follower_description/robot_urdf
[5.941s] symbolically linking /home/benja/turtlebot3_ws/src/build/line_follower_description/robot_urdf/line_follower.xacro -> /home/benja/turtlebot3_ws/src/install/line_follower_description/share/line_follower_description/robot_urdf
[5.941s] symbolically linking /home/benja/turtlebot3_ws/src/build/line_follower_description/robot_urdf/line_follower.trans -> /home/benja/turtlebot3_ws/src/install/line_follower_description/share/line_follower_description/robot_urdf
[5.941s] symbolically linking /home/benja/turtlebot3_ws/src/build/line_follower_description/robot_urdf/plugins.xacro -> /home/benja/turtlebot3_ws/src/install/line_follower_description/share/line_follower_description/robot_urdf
[5.942s] symbolically linking /home/benja/turtlebot3_ws/src/build/line_follower_description/robot_urdf/line_follower.gazebo -> /home/benja/turtlebot3_ws/src/install/line_follower_description/share/line_follower_description/robot_urdf
[5.942s] symbolically linking /home/benja/turtlebot3_ws/src/build/line_follower_description/robot_urdf/materials.xacro -> /home/benja/turtlebot3_ws/src/install/line_follower_description/share/line_follower_description/robot_urdf
[5.942s] creating /home/benja/turtlebot3_ws/src/install/line_follower_description/share/line_follower_description/meshes
[5.942s] symbolically linking /home/benja/turtlebot3_ws/src/build/line_follower_description/meshes/wheel_clamp_3_1.stl -> /home/benja/turtlebot3_ws/src/install/line_follower_description/share/line_follower_description/meshes
[5.942s] symbolically linking /home/benja/turtlebot3_ws/src/build/line_follower_description/meshes/wheel_clamp_2_1.stl -> /home/benja/turtlebot3_ws/src/install/line_follower_description/share/line_follower_description/meshes
[5.943s] symbolically linking /home/benja/turtlebot3_ws/src/build/line_follower_description/meshes/wheel_1_1.stl -> /home/benja/turtlebot3_ws/src/install/line_follower_description/share/line_follower_description/meshes
[5.943s] symbolically linking /home/benja/turtlebot3_ws/src/build/line_follower_description/meshes/wheel_clamp_4_1.stl -> /home/benja/turtlebot3_ws/src/install/line_follower_description/share/line_follower_description/meshes
[5.943s] symbolically linking /home/benja/turtlebot3_ws/src/build/line_follower_description/meshes/wheel_3_1.stl -> /home/benja/turtlebot3_ws/src/install/line_follower_description/share/line_follower_description/meshes
[5.943s] symbolically linking /home/benja/turtlebot3_ws/src/build/line_follower_description/meshes/base_link.stl -> /home/benja/turtlebot3_ws/src/install/line_follower_description/share/line_follower_description/meshes
[5.943s] symbolically linking /home/benja/turtlebot3_ws/src/build/line_follower_description/meshes/wheel_4_1.stl -> /home/benja/turtlebot3_ws/src/install/line_follower_description/share/line_follower_description/meshes
[5.943s] symbolically linking /home/benja/turtlebot3_ws/src/build/line_follower_description/meshes/wheel_2_1.stl -> /home/benja/turtlebot3_ws/src/install/line_follower_description/share/line_follower_description/meshes
[5.943s] symbolically linking /home/benja/turtlebot3_ws/src/build/line_follower_description/meshes/depth_camera_1.stl -> /home/benja/turtlebot3_ws/src/install/line_follower_description/share/line_follower_description/meshes
[5.947s] symbolically linking /home/benja/turtlebot3_ws/src/build/line_follower_description/meshes/wheel_clamp_1_1.stl -> /home/benja/turtlebot3_ws/src/install/line_follower_description/share/line_follower_description/meshes
[5.947s] creating /home/benja/turtlebot3_ws/src/install/line_follower_description/share/line_follower_description/config
[5.947s] symbolically linking /home/benja/turtlebot3_ws/src/build/line_follower_description/config/old_display.rviz -> /home/benja/turtlebot3_ws/src/install/line_follower_description/share/line_follower_description/config
[5.947s] symbolically linking /home/benja/turtlebot3_ws/src/build/line_follower_description/config/display.rviz -> /home/benja/turtlebot3_ws/src/install/line_follower_description/share/line_follower_description/config
[5.947s] creating /home/benja/turtlebot3_ws/src/install/line_follower_description/share/line_follower_description/worlds
[6.008s] Invoked command in '/home/benja/turtlebot3_ws/src/build/line_follower_description' returned '0': PYTHONPATH=/home/benja/turtlebot3_ws/src/build/line_follower_description/prefix_override:/usr/lib/python3/dist-packages/colcon_core/task/python/colcon_distutils_commands:/home/benja/turtlebot3_ws/src/install/line_follower_description/lib/python3.10/site-packages:${PYTHONPATH} /usr/bin/python3 -W ignore:setup.py install is deprecated -W ignore:easy_install command is deprecated setup.py develop --editable --build-directory /home/benja/turtlebot3_ws/src/build/line_follower_description/build --no-deps symlink_data
