-- Install configuration: ""
-- Execute custom install script
-- Up-to-date symlink: /home/benja/turtlebot3_ws/src/ros2-line-follower/install/line_follower_worlds/share/line_follower_worlds/worlds/default.world
-- Up-to-date symlink: /home/benja/turtlebot3_ws/src/ros2-line-follower/install/line_follower_worlds/share/line_follower_worlds/worlds/empty_world.world
-- Up-to-date symlink: /home/benja/turtlebot3_ws/src/ros2-line-follower/install/line_follower_worlds/share/line_follower_worlds/worlds/line_follower.world
-- Up-to-date symlink: /home/benja/turtlebot3_ws/src/ros2-line-follower/install/line_follower_worlds/share/line_follower_worlds/worlds/sample.world
-- Up-to-date symlink: /home/benja/turtlebot3_ws/src/ros2-line-follower/install/line_follower_worlds/share/ament_index/resource_index/package_run_dependencies/line_follower_worlds
-- Up-to-date symlink: /home/benja/turtlebot3_ws/src/ros2-line-follower/install/line_follower_worlds/share/ament_index/resource_index/parent_prefix_path/line_follower_worlds
-- Up-to-date symlink: /home/benja/turtlebot3_ws/src/ros2-line-follower/install/line_follower_worlds/share/line_follower_worlds/environment/ament_prefix_path.sh
-- Up-to-date symlink: /home/benja/turtlebot3_ws/src/ros2-line-follower/install/line_follower_worlds/share/line_follower_worlds/environment/ament_prefix_path.dsv
-- Up-to-date symlink: /home/benja/turtlebot3_ws/src/ros2-line-follower/install/line_follower_worlds/share/line_follower_worlds/environment/path.sh
-- Up-to-date symlink: /home/benja/turtlebot3_ws/src/ros2-line-follower/install/line_follower_worlds/share/line_follower_worlds/environment/path.dsv
-- Up-to-date symlink: /home/benja/turtlebot3_ws/src/ros2-line-follower/install/line_follower_worlds/share/line_follower_worlds/local_setup.bash
-- Up-to-date symlink: /home/benja/turtlebot3_ws/src/ros2-line-follower/install/line_follower_worlds/share/line_follower_worlds/local_setup.sh
-- Up-to-date symlink: /home/benja/turtlebot3_ws/src/ros2-line-follower/install/line_follower_worlds/share/line_follower_worlds/local_setup.zsh
-- Up-to-date symlink: /home/benja/turtlebot3_ws/src/ros2-line-follower/install/line_follower_worlds/share/line_follower_worlds/local_setup.dsv
-- Symlinking: /home/benja/turtlebot3_ws/src/ros2-line-follower/install/line_follower_worlds/share/line_follower_worlds/package.dsv
-- Up-to-date symlink: /home/benja/turtlebot3_ws/src/ros2-line-follower/install/line_follower_worlds/share/ament_index/resource_index/packages/line_follower_worlds
-- Up-to-date symlink: /home/benja/turtlebot3_ws/src/ros2-line-follower/install/line_follower_worlds/share/line_follower_worlds/cmake/line_follower_worldsConfig.cmake
-- Up-to-date symlink: /home/benja/turtlebot3_ws/src/ros2-line-follower/install/line_follower_worlds/share/line_follower_worlds/cmake/line_follower_worldsConfig-version.cmake
-- Up-to-date symlink: /home/benja/turtlebot3_ws/src/ros2-line-follower/install/line_follower_worlds/share/line_follower_worlds/package.xml
