-- Install configuration: ""
-- Execute custom install script
-- Up-to-date symlink: /home/benja/turtlebot3_ws/install/line_follower_models/share/line_follower_models/models/line_path_ground_plane/materials/scripts/line_path_ground_plane.material
-- Up-to-date symlink: /home/benja/turtlebot3_ws/install/line_follower_models/share/line_follower_models/models/line_path_ground_plane/materials/textures/line_path.png
-- Up-to-date symlink: /home/benja/turtlebot3_ws/install/line_follower_models/share/line_follower_models/models/line_path_ground_plane/materials/textures/path_1.png
-- Up-to-date symlink: /home/benja/turtlebot3_ws/install/line_follower_models/share/line_follower_models/models/line_path_ground_plane/materials/textures/path_2.png
-- Up-to-date symlink: /home/benja/turtlebot3_ws/install/line_follower_models/share/line_follower_models/models/line_path_ground_plane/model.config
-- Up-to-date symlink: /home/benja/turtlebot3_ws/install/line_follower_models/share/line_follower_models/models/line_path_ground_plane/model.sdf
-- Up-to-date symlink: /home/benja/turtlebot3_ws/install/line_follower_models/share/line_follower_models/models/materials/scripts/line_path_ground_plane.material
-- Up-to-date symlink: /home/benja/turtlebot3_ws/install/line_follower_models/share/line_follower_models/models/materials/textures/line_path.png
-- Up-to-date symlink: /home/benja/turtlebot3_ws/install/line_follower_models/share/line_follower_models/models/materials/textures/path_1.png
-- Up-to-date symlink: /home/benja/turtlebot3_ws/install/line_follower_models/share/line_follower_models/models/materials/textures/path_2.png
-- Up-to-date symlink: /home/benja/turtlebot3_ws/install/line_follower_models/share/ament_index/resource_index/package_run_dependencies/line_follower_models
-- Up-to-date symlink: /home/benja/turtlebot3_ws/install/line_follower_models/share/ament_index/resource_index/parent_prefix_path/line_follower_models
-- Up-to-date symlink: /home/benja/turtlebot3_ws/install/line_follower_models/share/line_follower_models/environment/ament_prefix_path.sh
-- Up-to-date symlink: /home/benja/turtlebot3_ws/install/line_follower_models/share/line_follower_models/environment/ament_prefix_path.dsv
-- Up-to-date symlink: /home/benja/turtlebot3_ws/install/line_follower_models/share/line_follower_models/environment/path.sh
-- Up-to-date symlink: /home/benja/turtlebot3_ws/install/line_follower_models/share/line_follower_models/environment/path.dsv
-- Up-to-date symlink: /home/benja/turtlebot3_ws/install/line_follower_models/share/line_follower_models/local_setup.bash
-- Up-to-date symlink: /home/benja/turtlebot3_ws/install/line_follower_models/share/line_follower_models/local_setup.sh
-- Up-to-date symlink: /home/benja/turtlebot3_ws/install/line_follower_models/share/line_follower_models/local_setup.zsh
-- Up-to-date symlink: /home/benja/turtlebot3_ws/install/line_follower_models/share/line_follower_models/local_setup.dsv
-- Symlinking: /home/benja/turtlebot3_ws/install/line_follower_models/share/line_follower_models/package.dsv
-- Up-to-date symlink: /home/benja/turtlebot3_ws/install/line_follower_models/share/ament_index/resource_index/packages/line_follower_models
-- Up-to-date symlink: /home/benja/turtlebot3_ws/install/line_follower_models/share/line_follower_models/cmake/line_follower_modelsConfig.cmake
-- Up-to-date symlink: /home/benja/turtlebot3_ws/install/line_follower_models/share/line_follower_models/cmake/line_follower_modelsConfig-version.cmake
-- Up-to-date symlink: /home/benja/turtlebot3_ws/install/line_follower_models/share/line_follower_models/package.xml
