[0.180s] Invoking command in '/home/benja/turtlebot3_ws/build/line_follower_models': CMAKE_PREFIX_PATH=${CMAKE_PREFIX_PATH}:/home/benja/turtlebot3_ws/install/turtlebot3_teleop:/home/benja/turtlebot3_ws/install/turtlebot3_example:/home/benja/turtlebot3_ws/install/follower:/home/benja/turtlebot3_ws/install/line_follower_description:/home/benja/turtlebot3_ws/install/line_follower_controller:/opt/ros/humble /usr/bin/cmake --build /home/benja/turtlebot3_ws/build/line_follower_models -- -j12 -l12
[0.974s] Invoked command in '/home/benja/turtlebot3_ws/build/line_follower_models' returned '0': CMAKE_PREFIX_PATH=${CMAKE_PREFIX_PATH}:/home/benja/turtlebot3_ws/install/turtlebot3_teleop:/home/benja/turtlebot3_ws/install/turtlebot3_example:/home/benja/turtlebot3_ws/install/follower:/home/benja/turtlebot3_ws/install/line_follower_description:/home/benja/turtlebot3_ws/install/line_follower_controller:/opt/ros/humble /usr/bin/cmake --build /home/benja/turtlebot3_ws/build/line_follower_models -- -j12 -l12
[0.976s] Invoking command in '/home/benja/turtlebot3_ws/build/line_follower_models': CMAKE_PREFIX_PATH=${CMAKE_PREFIX_PATH}:/home/benja/turtlebot3_ws/install/turtlebot3_teleop:/home/benja/turtlebot3_ws/install/turtlebot3_example:/home/benja/turtlebot3_ws/install/follower:/home/benja/turtlebot3_ws/install/line_follower_description:/home/benja/turtlebot3_ws/install/line_follower_controller:/opt/ros/humble /usr/bin/cmake --install /home/benja/turtlebot3_ws/build/line_follower_models
[0.987s] -- Install configuration: ""
[0.988s] -- Execute custom install script
[0.989s] -- Up-to-date symlink: /home/benja/turtlebot3_ws/install/line_follower_models/share/line_follower_models/models/line_path_ground_plane/materials/scripts/line_path_ground_plane.material
[0.990s] -- Up-to-date symlink: /home/benja/turtlebot3_ws/install/line_follower_models/share/line_follower_models/models/line_path_ground_plane/materials/textures/line_path.png
[0.991s] -- Up-to-date symlink: /home/benja/turtlebot3_ws/install/line_follower_models/share/line_follower_models/models/line_path_ground_plane/materials/textures/path_1.png
[0.992s] -- Up-to-date symlink: /home/benja/turtlebot3_ws/install/line_follower_models/share/line_follower_models/models/line_path_ground_plane/materials/textures/path_2.png
[0.992s] -- Up-to-date symlink: /home/benja/turtlebot3_ws/install/line_follower_models/share/line_follower_models/models/line_path_ground_plane/model.config
[0.994s] -- Up-to-date symlink: /home/benja/turtlebot3_ws/install/line_follower_models/share/line_follower_models/models/line_path_ground_plane/model.sdf
[0.994s] -- Up-to-date symlink: /home/benja/turtlebot3_ws/install/line_follower_models/share/line_follower_models/models/materials/scripts/line_path_ground_plane.material
[0.995s] -- Up-to-date symlink: /home/benja/turtlebot3_ws/install/line_follower_models/share/line_follower_models/models/materials/textures/line_path.png
[0.995s] -- Up-to-date symlink: /home/benja/turtlebot3_ws/install/line_follower_models/share/line_follower_models/models/materials/textures/path_1.png
[0.995s] -- Up-to-date symlink: /home/benja/turtlebot3_ws/install/line_follower_models/share/line_follower_models/models/materials/textures/path_2.png
[0.996s] -- Up-to-date symlink: /home/benja/turtlebot3_ws/install/line_follower_models/share/ament_index/resource_index/package_run_dependencies/line_follower_models
[0.997s] -- Up-to-date symlink: /home/benja/turtlebot3_ws/install/line_follower_models/share/ament_index/resource_index/parent_prefix_path/line_follower_models
[0.997s] -- Up-to-date symlink: /home/benja/turtlebot3_ws/install/line_follower_models/share/line_follower_models/environment/ament_prefix_path.sh
[0.998s] -- Up-to-date symlink: /home/benja/turtlebot3_ws/install/line_follower_models/share/line_follower_models/environment/ament_prefix_path.dsv
[0.999s] -- Up-to-date symlink: /home/benja/turtlebot3_ws/install/line_follower_models/share/line_follower_models/environment/path.sh
[0.999s] -- Up-to-date symlink: /home/benja/turtlebot3_ws/install/line_follower_models/share/line_follower_models/environment/path.dsv
[0.999s] -- Up-to-date symlink: /home/benja/turtlebot3_ws/install/line_follower_models/share/line_follower_models/local_setup.bash
[1.002s] -- Up-to-date symlink: /home/benja/turtlebot3_ws/install/line_follower_models/share/line_follower_models/local_setup.sh
[1.002s] -- Up-to-date symlink: /home/benja/turtlebot3_ws/install/line_follower_models/share/line_follower_models/local_setup.zsh
[1.002s] -- Up-to-date symlink: /home/benja/turtlebot3_ws/install/line_follower_models/share/line_follower_models/local_setup.dsv
[1.002s] -- Symlinking: /home/benja/turtlebot3_ws/install/line_follower_models/share/line_follower_models/package.dsv
[1.018s] -- Up-to-date symlink: /home/benja/turtlebot3_ws/install/line_follower_models/share/ament_index/resource_index/packages/line_follower_models
[1.018s] -- Up-to-date symlink: /home/benja/turtlebot3_ws/install/line_follower_models/share/line_follower_models/cmake/line_follower_modelsConfig.cmake
[1.019s] -- Up-to-date symlink: /home/benja/turtlebot3_ws/install/line_follower_models/share/line_follower_models/cmake/line_follower_modelsConfig-version.cmake
[1.022s] -- Up-to-date symlink: /home/benja/turtlebot3_ws/install/line_follower_models/share/line_follower_models/package.xml
[1.053s] Invoked command in '/home/benja/turtlebot3_ws/build/line_follower_models' returned '0': CMAKE_PREFIX_PATH=${CMAKE_PREFIX_PATH}:/home/benja/turtlebot3_ws/install/turtlebot3_teleop:/home/benja/turtlebot3_ws/install/turtlebot3_example:/home/benja/turtlebot3_ws/install/follower:/home/benja/turtlebot3_ws/install/line_follower_description:/home/benja/turtlebot3_ws/install/line_follower_controller:/opt/ros/humble /usr/bin/cmake --install /home/benja/turtlebot3_ws/build/line_follower_models
