[0.064s] Invoking command in '/home/benja/turtlebot3_ws/src/build/turtlebot3_description': CMAKE_PREFIX_PATH=${CMAKE_PREFIX_PATH}:/home/benja/turtlebot3_ws/install/turtlebot3_teleop:/home/benja/turtlebot3_ws/install/turtlebot3_example:/home/benja/turtlebot3_ws/install/follower:/home/benja/turtlebot3_ws/install/line_follower_description:/home/benja/turtlebot3_ws/install/line_follower_controller:/opt/ros/humble /usr/bin/cmake /home/benja/turtlebot3_ws/src/turtlebot3/turtlebot3_description -DAMENT_CMAKE_SYMLINK_INSTALL=1 -DCMAKE_INSTALL_PREFIX=/home/benja/turtlebot3_ws/src/install/turtlebot3_description
[1.635s] -- The C compiler identification is GNU 11.4.0
[1.635s] -- The CXX compiler identification is GNU 11.4.0
[1.635s] -- Detecting C compiler ABI info
[1.635s] -- Detecting C compiler ABI info - done
[1.635s] -- Check for working C compiler: /usr/bin/cc - skipped
[1.635s] -- Detecting C compile features
[1.635s] -- Detecting C compile features - done
[1.635s] -- Detecting CXX compiler ABI info
[1.635s] -- Detecting CXX compiler ABI info - done
[1.635s] -- Check for working CXX compiler: /usr/bin/c++ - skipped
[1.635s] -- Detecting CXX compile features
[1.636s] -- Detecting CXX compile features - done
[1.636s] -- Found ament_cmake: 1.3.14 (/opt/ros/humble/share/ament_cmake/cmake)
[1.636s] -- Found Python3: /usr/bin/python3 (found version "3.10.12") found components: Interpreter 
[1.636s] -- Override CMake install command with custom implementation using symlinks instead of copying resources
[1.636s] -- Found urdf: 2.6.1 (/opt/ros/humble/share/urdf/cmake)
[1.636s] -- Configuring done
[1.636s] -- Generating done
[1.636s] -- Build files have been written to: /home/benja/turtlebot3_ws/src/build/turtlebot3_description
[1.704s] Invoked command in '/home/benja/turtlebot3_ws/src/build/turtlebot3_description' returned '0': CMAKE_PREFIX_PATH=${CMAKE_PREFIX_PATH}:/home/benja/turtlebot3_ws/install/turtlebot3_teleop:/home/benja/turtlebot3_ws/install/turtlebot3_example:/home/benja/turtlebot3_ws/install/follower:/home/benja/turtlebot3_ws/install/line_follower_description:/home/benja/turtlebot3_ws/install/line_follower_controller:/opt/ros/humble /usr/bin/cmake /home/benja/turtlebot3_ws/src/turtlebot3/turtlebot3_description -DAMENT_CMAKE_SYMLINK_INSTALL=1 -DCMAKE_INSTALL_PREFIX=/home/benja/turtlebot3_ws/src/install/turtlebot3_description
[1.705s] Invoking command in '/home/benja/turtlebot3_ws/src/build/turtlebot3_description': CMAKE_PREFIX_PATH=${CMAKE_PREFIX_PATH}:/home/benja/turtlebot3_ws/install/turtlebot3_teleop:/home/benja/turtlebot3_ws/install/turtlebot3_example:/home/benja/turtlebot3_ws/install/follower:/home/benja/turtlebot3_ws/install/line_follower_description:/home/benja/turtlebot3_ws/install/line_follower_controller:/opt/ros/humble /usr/bin/cmake --build /home/benja/turtlebot3_ws/src/build/turtlebot3_description -- -j12 -l12
[1.726s] Invoked command in '/home/benja/turtlebot3_ws/src/build/turtlebot3_description' returned '0': CMAKE_PREFIX_PATH=${CMAKE_PREFIX_PATH}:/home/benja/turtlebot3_ws/install/turtlebot3_teleop:/home/benja/turtlebot3_ws/install/turtlebot3_example:/home/benja/turtlebot3_ws/install/follower:/home/benja/turtlebot3_ws/install/line_follower_description:/home/benja/turtlebot3_ws/install/line_follower_controller:/opt/ros/humble /usr/bin/cmake --build /home/benja/turtlebot3_ws/src/build/turtlebot3_description -- -j12 -l12
[1.743s] Invoking command in '/home/benja/turtlebot3_ws/src/build/turtlebot3_description': CMAKE_PREFIX_PATH=${CMAKE_PREFIX_PATH}:/home/benja/turtlebot3_ws/install/turtlebot3_teleop:/home/benja/turtlebot3_ws/install/turtlebot3_example:/home/benja/turtlebot3_ws/install/follower:/home/benja/turtlebot3_ws/install/line_follower_description:/home/benja/turtlebot3_ws/install/line_follower_controller:/opt/ros/humble /usr/bin/cmake --install /home/benja/turtlebot3_ws/src/build/turtlebot3_description
[1.762s] -- Install configuration: ""
[1.762s] -- Execute custom install script
[1.767s] -- Symlinking: /home/benja/turtlebot3_ws/src/install/turtlebot3_description/share/turtlebot3_description/meshes/bases/burger_base.stl
[1.780s] -- Symlinking: /home/benja/turtlebot3_ws/src/install/turtlebot3_description/share/turtlebot3_description/meshes/bases/waffle_base.stl
[1.796s] -- Symlinking: /home/benja/turtlebot3_ws/src/install/turtlebot3_description/share/turtlebot3_description/meshes/bases/waffle_pi_base.stl
[1.815s] -- Symlinking: /home/benja/turtlebot3_ws/src/install/turtlebot3_description/share/turtlebot3_description/meshes/sensors/astra.dae
[1.838s] -- Symlinking: /home/benja/turtlebot3_ws/src/install/turtlebot3_description/share/turtlebot3_description/meshes/sensors/astra.jpg
[1.852s] -- Symlinking: /home/benja/turtlebot3_ws/src/install/turtlebot3_description/share/turtlebot3_description/meshes/sensors/lds.stl
[1.869s] -- Symlinking: /home/benja/turtlebot3_ws/src/install/turtlebot3_description/share/turtlebot3_description/meshes/sensors/r200.dae
[1.885s] -- Symlinking: /home/benja/turtlebot3_ws/src/install/turtlebot3_description/share/turtlebot3_description/meshes/sensors/r200.jpg
[1.905s] -- Symlinking: /home/benja/turtlebot3_ws/src/install/turtlebot3_description/share/turtlebot3_description/meshes/wheels/left_tire.stl
[1.929s] -- Symlinking: /home/benja/turtlebot3_ws/src/install/turtlebot3_description/share/turtlebot3_description/meshes/wheels/right_tire.stl
[1.967s] -- Symlinking: /home/benja/turtlebot3_ws/src/install/turtlebot3_description/share/turtlebot3_description/rviz/model.rviz
[2.010s] -- Symlinking: /home/benja/turtlebot3_ws/src/install/turtlebot3_description/share/turtlebot3_description/urdf/common_properties.urdf
[2.041s] -- Symlinking: /home/benja/turtlebot3_ws/src/install/turtlebot3_description/share/turtlebot3_description/urdf/turtlebot3_burger.urdf
[2.076s] -- Symlinking: /home/benja/turtlebot3_ws/src/install/turtlebot3_description/share/turtlebot3_description/urdf/turtlebot3_waffle.urdf
[2.125s] -- Symlinking: /home/benja/turtlebot3_ws/src/install/turtlebot3_description/share/turtlebot3_description/urdf/turtlebot3_waffle_pi.urdf
[2.170s] -- Symlinking: /home/benja/turtlebot3_ws/src/install/turtlebot3_description/share/ament_index/resource_index/package_run_dependencies/turtlebot3_description
[2.218s] -- Symlinking: /home/benja/turtlebot3_ws/src/install/turtlebot3_description/share/ament_index/resource_index/parent_prefix_path/turtlebot3_description
[2.258s] -- Symlinking: /home/benja/turtlebot3_ws/src/install/turtlebot3_description/share/turtlebot3_description/environment/ament_prefix_path.sh
[2.307s] -- Symlinking: /home/benja/turtlebot3_ws/src/install/turtlebot3_description/share/turtlebot3_description/environment/ament_prefix_path.dsv
[2.346s] -- Symlinking: /home/benja/turtlebot3_ws/src/install/turtlebot3_description/share/turtlebot3_description/environment/path.sh
[2.388s] -- Symlinking: /home/benja/turtlebot3_ws/src/install/turtlebot3_description/share/turtlebot3_description/environment/path.dsv
[2.434s] -- Symlinking: /home/benja/turtlebot3_ws/src/install/turtlebot3_description/share/turtlebot3_description/local_setup.bash
[2.468s] -- Symlinking: /home/benja/turtlebot3_ws/src/install/turtlebot3_description/share/turtlebot3_description/local_setup.sh
[2.497s] -- Symlinking: /home/benja/turtlebot3_ws/src/install/turtlebot3_description/share/turtlebot3_description/local_setup.zsh
[2.536s] -- Symlinking: /home/benja/turtlebot3_ws/src/install/turtlebot3_description/share/turtlebot3_description/local_setup.dsv
[2.574s] -- Symlinking: /home/benja/turtlebot3_ws/src/install/turtlebot3_description/share/turtlebot3_description/package.dsv
[2.620s] -- Symlinking: /home/benja/turtlebot3_ws/src/install/turtlebot3_description/share/ament_index/resource_index/packages/turtlebot3_description
[2.659s] -- Symlinking: /home/benja/turtlebot3_ws/src/install/turtlebot3_description/share/turtlebot3_description/cmake/turtlebot3_descriptionConfig.cmake
[2.709s] -- Symlinking: /home/benja/turtlebot3_ws/src/install/turtlebot3_description/share/turtlebot3_description/cmake/turtlebot3_descriptionConfig-version.cmake
[2.755s] -- Symlinking: /home/benja/turtlebot3_ws/src/install/turtlebot3_description/share/turtlebot3_description/package.xml
[2.832s] Invoked command in '/home/benja/turtlebot3_ws/src/build/turtlebot3_description' returned '0': CMAKE_PREFIX_PATH=${CMAKE_PREFIX_PATH}:/home/benja/turtlebot3_ws/install/turtlebot3_teleop:/home/benja/turtlebot3_ws/install/turtlebot3_example:/home/benja/turtlebot3_ws/install/follower:/home/benja/turtlebot3_ws/install/line_follower_description:/home/benja/turtlebot3_ws/install/line_follower_controller:/opt/ros/humble /usr/bin/cmake --install /home/benja/turtlebot3_ws/src/build/turtlebot3_description
