[1.767s] Invoking command in '/home/benja/turtlebot3_ws/src/ros2-line-follower/build/line_follower_controller': PYTHONPATH=/home/benja/turtlebot3_ws/src/ros2-line-follower/build/line_follower_controller/prefix_override:/usr/lib/python3/dist-packages/colcon_core/task/python/colcon_distutils_commands:/home/benja/turtlebot3_ws/src/ros2-line-follower/install/line_follower_controller/lib/python3.10/site-packages:${PYTHONPATH} /usr/bin/python3 -W ignore:setup.py install is deprecated -W ignore:easy_install command is deprecated setup.py develop --editable --build-directory /home/benja/turtlebot3_ws/src/ros2-line-follower/build/line_follower_controller/build --no-deps symlink_data
[2.089s] running develop
[2.269s] running egg_info
[2.269s] creating line_follower_controller.egg-info
[2.269s] writing line_follower_controller.egg-info/PKG-INFO
[2.270s] writing dependency_links to line_follower_controller.egg-info/dependency_links.txt
[2.270s] writing entry points to line_follower_controller.egg-info/entry_points.txt
[2.270s] writing requirements to line_follower_controller.egg-info/requires.txt
[2.271s] writing top-level names to line_follower_controller.egg-info/top_level.txt
[2.271s] writing manifest file 'line_follower_controller.egg-info/SOURCES.txt'
[2.272s] reading manifest file 'line_follower_controller.egg-info/SOURCES.txt'
[2.272s] writing manifest file 'line_follower_controller.egg-info/SOURCES.txt'
[2.274s] running build_ext
[2.274s] Creating /home/benja/turtlebot3_ws/src/ros2-line-follower/install/line_follower_controller/lib/python3.10/site-packages/line-follower-controller.egg-link (link to .)
[2.274s] Installing image_recorder script to /home/benja/turtlebot3_ws/src/ros2-line-follower/install/line_follower_controller/lib/line_follower_controller
[2.275s] Installing line_follower script to /home/benja/turtlebot3_ws/src/ros2-line-follower/install/line_follower_controller/lib/line_follower_controller
[2.275s] 
[2.275s] Installed /home/benja/turtlebot3_ws/src/ros2-line-follower/build/line_follower_controller
[2.275s] running symlink_data
[2.275s] creating /home/benja/turtlebot3_ws/src/ros2-line-follower/install/line_follower_controller/share/ament_index
[2.275s] creating /home/benja/turtlebot3_ws/src/ros2-line-follower/install/line_follower_controller/share/ament_index/resource_index
[2.275s] creating /home/benja/turtlebot3_ws/src/ros2-line-follower/install/line_follower_controller/share/ament_index/resource_index/packages
[2.275s] symbolically linking /home/benja/turtlebot3_ws/src/ros2-line-follower/build/line_follower_controller/resource/line_follower_controller -> /home/benja/turtlebot3_ws/src/ros2-line-follower/install/line_follower_controller/share/ament_index/resource_index/packages
[2.276s] symbolically linking /home/benja/turtlebot3_ws/src/ros2-line-follower/build/line_follower_controller/package.xml -> /home/benja/turtlebot3_ws/src/ros2-line-follower/install/line_follower_controller/share/line_follower_controller
[2.306s] Invoked command in '/home/benja/turtlebot3_ws/src/ros2-line-follower/build/line_follower_controller' returned '0': PYTHONPATH=/home/benja/turtlebot3_ws/src/ros2-line-follower/build/line_follower_controller/prefix_override:/usr/lib/python3/dist-packages/colcon_core/task/python/colcon_distutils_commands:/home/benja/turtlebot3_ws/src/ros2-line-follower/install/line_follower_controller/lib/python3.10/site-packages:${PYTHONPATH} /usr/bin/python3 -W ignore:setup.py install is deprecated -W ignore:easy_install command is deprecated setup.py develop --editable --build-directory /home/benja/turtlebot3_ws/src/ros2-line-follower/build/line_follower_controller/build --no-deps symlink_data
