[1.063s] Invoking command in '/home/benja/turtlebot3_ws/build/follower': CMAKE_PREFIX_PATH=/home/benja/turtlebot3_ws/install/turtlebot3_gazebo:/home/benja/turtlebot3_ws/install/turtlebot3:/home/benja/turtlebot3_ws/install/turtlebot3_simulations:/home/benja/turtlebot3_ws/install/turtlebot3_bringup:/home/benja/turtlebot3_ws/install/turtlebot3_node:/home/benja/turtlebot3_ws/install/turtlebot3_navigation2:/home/benja/turtlebot3_ws/install/turtlebot3_fake_node:/home/benja/turtlebot3_ws/install/turtlebot3_msgs:/home/benja/turtlebot3_ws/install/turtlebot3_manipulation_gazebo:/home/benja/turtlebot3_ws/install/turtlebot3_description:/home/benja/turtlebot3_ws/install/turtlebot3_cartographer:/home/benja/turtlebot3_ws/install/dynamixel_sdk_examples:/home/benja/turtlebot3_ws/install/dynamixel_sdk_custom_interfaces:/home/benja/turtlebot3_ws/install/dynamixel_sdk PYTHONPATH=/home/benja/turtlebot3_ws/build/follower/prefix_override:/usr/lib/python3/dist-packages/colcon_core/task/python/colcon_distutils_commands:/home/benja/turtlebot3_ws/install/follower/lib/python3.10/site-packages:${PYTHONPATH} /usr/bin/python3 -W ignore:setup.py install is deprecated -W ignore:easy_install command is deprecated setup.py develop --editable --build-directory /home/benja/turtlebot3_ws/build/follower/build --no-deps symlink_data
[1.295s] /usr/lib/python3/dist-packages/setuptools/dist.py:723: UserWarning: Usage of dash-separated 'script-dir' will not be supported in future versions. Please use the underscore name 'script_dir' instead
[1.295s]   warnings.warn(
[1.321s] running develop
[1.488s] running egg_info
[1.488s] writing follower.egg-info/PKG-INFO
[1.488s] writing dependency_links to follower.egg-info/dependency_links.txt
[1.488s] writing entry points to follower.egg-info/entry_points.txt
[1.489s] writing requirements to follower.egg-info/requires.txt
[1.489s] writing top-level names to follower.egg-info/top_level.txt
[1.490s] reading manifest file 'follower.egg-info/SOURCES.txt'
[1.491s] writing manifest file 'follower.egg-info/SOURCES.txt'
[1.492s] running build_ext
[1.493s] Creating /home/benja/turtlebot3_ws/install/follower/lib/python3.10/site-packages/follower.egg-link (link to .)
[1.493s] Installing follower_node script to /home/benja/turtlebot3_ws/install/follower/lib/follower
[1.493s] Installing line_map_node script to /home/benja/turtlebot3_ws/install/follower/lib/follower
[1.494s] Installing tester script to /home/benja/turtlebot3_ws/install/follower/lib/follower
[1.494s] 
[1.494s] Installed /home/benja/turtlebot3_ws/build/follower
[1.494s] running symlink_data
[1.518s] Invoked command in '/home/benja/turtlebot3_ws/build/follower' returned '0': CMAKE_PREFIX_PATH=/home/benja/turtlebot3_ws/install/turtlebot3_gazebo:/home/benja/turtlebot3_ws/install/turtlebot3:/home/benja/turtlebot3_ws/install/turtlebot3_simulations:/home/benja/turtlebot3_ws/install/turtlebot3_bringup:/home/benja/turtlebot3_ws/install/turtlebot3_node:/home/benja/turtlebot3_ws/install/turtlebot3_navigation2:/home/benja/turtlebot3_ws/install/turtlebot3_fake_node:/home/benja/turtlebot3_ws/install/turtlebot3_msgs:/home/benja/turtlebot3_ws/install/turtlebot3_manipulation_gazebo:/home/benja/turtlebot3_ws/install/turtlebot3_description:/home/benja/turtlebot3_ws/install/turtlebot3_cartographer:/home/benja/turtlebot3_ws/install/dynamixel_sdk_examples:/home/benja/turtlebot3_ws/install/dynamixel_sdk_custom_interfaces:/home/benja/turtlebot3_ws/install/dynamixel_sdk PYTHONPATH=/home/benja/turtlebot3_ws/build/follower/prefix_override:/usr/lib/python3/dist-packages/colcon_core/task/python/colcon_distutils_commands:/home/benja/turtlebot3_ws/install/follower/lib/python3.10/site-packages:${PYTHONPATH} /usr/bin/python3 -W ignore:setup.py install is deprecated -W ignore:easy_install command is deprecated setup.py develop --editable --build-directory /home/benja/turtlebot3_ws/build/follower/build --no-deps symlink_data
