[1.948s] Invoking command in '/home/benja/turtlebot3_ws/build/trajectory_recorder': PYTHONPATH=/home/benja/turtlebot3_ws/build/trajectory_recorder/prefix_override:/usr/lib/python3/dist-packages/colcon_core/task/python/colcon_distutils_commands:/home/benja/turtlebot3_ws/install/trajectory_recorder/lib/python3.10/site-packages:${PYTHONPATH} /usr/bin/python3 -W ignore:setup.py install is deprecated -W ignore:easy_install command is deprecated setup.py develop --editable --build-directory /home/benja/turtlebot3_ws/build/trajectory_recorder/build --no-deps symlink_data
[2.284s] running develop
[2.467s] running egg_info
[2.467s] creating trajectory_recorder.egg-info
[2.467s] writing trajectory_recorder.egg-info/PKG-INFO
[2.467s] writing dependency_links to trajectory_recorder.egg-info/dependency_links.txt
[2.467s] writing entry points to trajectory_recorder.egg-info/entry_points.txt
[2.468s] writing requirements to trajectory_recorder.egg-info/requires.txt
[2.468s] writing top-level names to trajectory_recorder.egg-info/top_level.txt
[2.468s] writing manifest file 'trajectory_recorder.egg-info/SOURCES.txt'
[2.469s] reading manifest file 'trajectory_recorder.egg-info/SOURCES.txt'
[2.470s] writing manifest file 'trajectory_recorder.egg-info/SOURCES.txt'
[2.471s] running build_ext
[2.471s] Creating /home/benja/turtlebot3_ws/install/trajectory_recorder/lib/python3.10/site-packages/trajectory-recorder.egg-link (link to .)
[2.472s] Installing optimizer script to /home/benja/turtlebot3_ws/install/trajectory_recorder/lib/trajectory_recorder
[2.472s] Installing optimizer_node script to /home/benja/turtlebot3_ws/install/trajectory_recorder/lib/trajectory_recorder
[2.473s] Installing player_node script to /home/benja/turtlebot3_ws/install/trajectory_recorder/lib/trajectory_recorder
[2.473s] Installing recorder_node script to /home/benja/turtlebot3_ws/install/trajectory_recorder/lib/trajectory_recorder
[2.473s] 
[2.473s] Installed /home/benja/turtlebot3_ws/build/trajectory_recorder
[2.473s] running symlink_data
[2.473s] creating /home/benja/turtlebot3_ws/install/trajectory_recorder/share/ament_index
[2.473s] creating /home/benja/turtlebot3_ws/install/trajectory_recorder/share/ament_index/resource_index
[2.473s] creating /home/benja/turtlebot3_ws/install/trajectory_recorder/share/ament_index/resource_index/packages
[2.473s] symbolically linking /home/benja/turtlebot3_ws/build/trajectory_recorder/resource/trajectory_recorder -> /home/benja/turtlebot3_ws/install/trajectory_recorder/share/ament_index/resource_index/packages
[2.473s] symbolically linking /home/benja/turtlebot3_ws/build/trajectory_recorder/package.xml -> /home/benja/turtlebot3_ws/install/trajectory_recorder/share/trajectory_recorder
[2.473s] creating /home/benja/turtlebot3_ws/install/trajectory_recorder/share/trajectory_recorder/launch
[2.473s] symbolically linking /home/benja/turtlebot3_ws/build/trajectory_recorder/launch/record.launch.py -> /home/benja/turtlebot3_ws/install/trajectory_recorder/share/trajectory_recorder/launch
[2.473s] symbolically linking /home/benja/turtlebot3_ws/build/trajectory_recorder/launch/optimize.launch.py -> /home/benja/turtlebot3_ws/install/trajectory_recorder/share/trajectory_recorder/launch
[2.473s] symbolically linking /home/benja/turtlebot3_ws/build/trajectory_recorder/launch/play.launch.py -> /home/benja/turtlebot3_ws/install/trajectory_recorder/share/trajectory_recorder/launch
[2.497s] Invoked command in '/home/benja/turtlebot3_ws/build/trajectory_recorder' returned '0': PYTHONPATH=/home/benja/turtlebot3_ws/build/trajectory_recorder/prefix_override:/usr/lib/python3/dist-packages/colcon_core/task/python/colcon_distutils_commands:/home/benja/turtlebot3_ws/install/trajectory_recorder/lib/python3.10/site-packages:${PYTHONPATH} /usr/bin/python3 -W ignore:setup.py install is deprecated -W ignore:easy_install command is deprecated setup.py develop --editable --build-directory /home/benja/turtlebot3_ws/build/trajectory_recorder/build --no-deps symlink_data
