[2.105s] Invoking command in '/home/benja/turtlebot3_ws/src/build/turtlebot3_example': AMENT_PREFIX_PATH=/home/benja/turtlebot3_ws/src/install/turtlebot3_msgs:${AMENT_PREFIX_PATH} CMAKE_PREFIX_PATH=/home/benja/turtlebot3_ws/src/install/turtlebot3_msgs:${CMAKE_PREFIX_PATH} LD_LIBRARY_PATH=/home/benja/turtlebot3_ws/src/install/turtlebot3_msgs/lib:/home/benja/turtlebot3_ws/install/turtlebot3_msgs/lib:/home/benja/turtlebot3_ws/install/dynamixel_sdk_custom_interfaces/lib:/home/benja/turtlebot3_ws/install/dynamixel_sdk/lib:/usr/lib/x86_64-linux-gnu/gazebo-11/plugins:/opt/ros/humble/opt/rviz_ogre_vendor/lib:/opt/ros/humble/lib/x86_64-linux-gnu:/opt/ros/humble/lib:/usr/lib/x86_64-linux-gnu/gazebo-11/plugins PYTHONPATH=/home/benja/turtlebot3_ws/src/build/turtlebot3_example/prefix_override:/usr/lib/python3/dist-packages/colcon_core/task/python/colcon_distutils_commands:/home/benja/turtlebot3_ws/src/install/turtlebot3_example/lib/python3.10/site-packages:/home/benja/turtlebot3_ws/src/install/turtlebot3_msgs/local/lib/python3.10/dist-packages:${PYTHONPATH} /usr/bin/python3 -W ignore:setup.py install is deprecated -W ignore:easy_install command is deprecated setup.py develop --editable --build-directory /home/benja/turtlebot3_ws/src/build/turtlebot3_example/build --no-deps symlink_data
[2.633s] running develop
[3.055s] running egg_info
[3.056s] creating turtlebot3_example.egg-info
[3.056s] writing turtlebot3_example.egg-info/PKG-INFO
[3.057s] writing dependency_links to turtlebot3_example.egg-info/dependency_links.txt
[3.057s] writing entry points to turtlebot3_example.egg-info/entry_points.txt
[3.057s] writing requirements to turtlebot3_example.egg-info/requires.txt
[3.057s] writing top-level names to turtlebot3_example.egg-info/top_level.txt
[3.060s] writing manifest file 'turtlebot3_example.egg-info/SOURCES.txt'
[3.063s] reading manifest file 'turtlebot3_example.egg-info/SOURCES.txt'
[3.064s] writing manifest file 'turtlebot3_example.egg-info/SOURCES.txt'
[3.068s] running build_ext
[3.068s] Creating /home/benja/turtlebot3_ws/src/install/turtlebot3_example/lib/python3.10/site-packages/turtlebot3-example.egg-link (link to .)
[3.071s] Installing turtlebot3_absolute_move script to /home/benja/turtlebot3_ws/src/install/turtlebot3_example/lib/turtlebot3_example
[3.071s] Installing turtlebot3_interactive_marker script to /home/benja/turtlebot3_ws/src/install/turtlebot3_example/lib/turtlebot3_example
[3.071s] Installing turtlebot3_obstacle_detection script to /home/benja/turtlebot3_ws/src/install/turtlebot3_example/lib/turtlebot3_example
[3.071s] Installing turtlebot3_patrol_client script to /home/benja/turtlebot3_ws/src/install/turtlebot3_example/lib/turtlebot3_example
[3.071s] Installing turtlebot3_patrol_server script to /home/benja/turtlebot3_ws/src/install/turtlebot3_example/lib/turtlebot3_example
[3.072s] Installing turtlebot3_relative_move script to /home/benja/turtlebot3_ws/src/install/turtlebot3_example/lib/turtlebot3_example
[3.072s] 
[3.072s] Installed /home/benja/turtlebot3_ws/src/build/turtlebot3_example
[3.072s] running symlink_data
[3.072s] creating /home/benja/turtlebot3_ws/src/install/turtlebot3_example/share/ament_index
[3.072s] creating /home/benja/turtlebot3_ws/src/install/turtlebot3_example/share/ament_index/resource_index
[3.073s] creating /home/benja/turtlebot3_ws/src/install/turtlebot3_example/share/ament_index/resource_index/packages
[3.073s] symbolically linking /home/benja/turtlebot3_ws/src/build/turtlebot3_example/resource/turtlebot3_example -> /home/benja/turtlebot3_ws/src/install/turtlebot3_example/share/ament_index/resource_index/packages
[3.073s] symbolically linking /home/benja/turtlebot3_ws/src/build/turtlebot3_example/package.xml -> /home/benja/turtlebot3_ws/src/install/turtlebot3_example/share/turtlebot3_example
[3.125s] Invoked command in '/home/benja/turtlebot3_ws/src/build/turtlebot3_example' returned '0': AMENT_PREFIX_PATH=/home/benja/turtlebot3_ws/src/install/turtlebot3_msgs:${AMENT_PREFIX_PATH} CMAKE_PREFIX_PATH=/home/benja/turtlebot3_ws/src/install/turtlebot3_msgs:${CMAKE_PREFIX_PATH} LD_LIBRARY_PATH=/home/benja/turtlebot3_ws/src/install/turtlebot3_msgs/lib:/home/benja/turtlebot3_ws/install/turtlebot3_msgs/lib:/home/benja/turtlebot3_ws/install/dynamixel_sdk_custom_interfaces/lib:/home/benja/turtlebot3_ws/install/dynamixel_sdk/lib:/usr/lib/x86_64-linux-gnu/gazebo-11/plugins:/opt/ros/humble/opt/rviz_ogre_vendor/lib:/opt/ros/humble/lib/x86_64-linux-gnu:/opt/ros/humble/lib:/usr/lib/x86_64-linux-gnu/gazebo-11/plugins PYTHONPATH=/home/benja/turtlebot3_ws/src/build/turtlebot3_example/prefix_override:/usr/lib/python3/dist-packages/colcon_core/task/python/colcon_distutils_commands:/home/benja/turtlebot3_ws/src/install/turtlebot3_example/lib/python3.10/site-packages:/home/benja/turtlebot3_ws/src/install/turtlebot3_msgs/local/lib/python3.10/dist-packages:${PYTHONPATH} /usr/bin/python3 -W ignore:setup.py install is deprecated -W ignore:easy_install command is deprecated setup.py develop --editable --build-directory /home/benja/turtlebot3_ws/src/build/turtlebot3_example/build --no-deps symlink_data
