[0.793s] Invoking command in '/home/benja/turtlebot3_ws/src/ros2-line-follower/build/line_follower_worlds': CMAKE_PREFIX_PATH=${CMAKE_PREFIX_PATH}:/home/benja/turtlebot3_ws/install/turtlebot3_teleop:/home/benja/turtlebot3_ws/install/turtlebot3_example:/home/benja/turtlebot3_ws/install/follower:/home/benja/turtlebot3_ws/install/line_follower_description:/home/benja/turtlebot3_ws/install/line_follower_controller:/opt/ros/humble /usr/bin/cmake /home/benja/turtlebot3_ws/src/ros2-line-follower/follower2 (MyW)/line_follower_worlds -DAMENT_CMAKE_SYMLINK_INSTALL=1 -DCMAKE_INSTALL_PREFIX=/home/benja/turtlebot3_ws/src/ros2-line-follower/install/line_follower_worlds
[0.856s] -- The C compiler identification is GNU 11.4.0
[0.924s] -- The CXX compiler identification is GNU 11.4.0
[0.932s] -- Detecting C compiler ABI info
[1.018s] -- Detecting C compiler ABI info - done
[1.035s] -- Check for working C compiler: /usr/bin/cc - skipped
[1.035s] -- Detecting C compile features
[1.036s] -- Detecting C compile features - done
[1.041s] -- Detecting CXX compiler ABI info
[1.149s] -- Detecting CXX compiler ABI info - done
[1.166s] -- Check for working CXX compiler: /usr/bin/c++ - skipped
[1.166s] -- Detecting CXX compile features
[1.167s] -- Detecting CXX compile features - done
[1.173s] -- Found ament_cmake: 1.3.14 (/opt/ros/humble/share/ament_cmake/cmake)
[1.405s] -- Found Python3: /usr/bin/python3 (found version "3.10.12") found components: Interpreter 
[1.496s] -- Override CMake install command with custom implementation using symlinks instead of copying resources
[1.654s] -- Configuring done
[1.657s] -- Generating done
[1.659s] -- Build files have been written to: /home/benja/turtlebot3_ws/src/ros2-line-follower/build/line_follower_worlds
[1.663s] Invoked command in '/home/benja/turtlebot3_ws/src/ros2-line-follower/build/line_follower_worlds' returned '0': CMAKE_PREFIX_PATH=${CMAKE_PREFIX_PATH}:/home/benja/turtlebot3_ws/install/turtlebot3_teleop:/home/benja/turtlebot3_ws/install/turtlebot3_example:/home/benja/turtlebot3_ws/install/follower:/home/benja/turtlebot3_ws/install/line_follower_description:/home/benja/turtlebot3_ws/install/line_follower_controller:/opt/ros/humble /usr/bin/cmake /home/benja/turtlebot3_ws/src/ros2-line-follower/follower2 (MyW)/line_follower_worlds -DAMENT_CMAKE_SYMLINK_INSTALL=1 -DCMAKE_INSTALL_PREFIX=/home/benja/turtlebot3_ws/src/ros2-line-follower/install/line_follower_worlds
[1.665s] Invoking command in '/home/benja/turtlebot3_ws/src/ros2-line-follower/build/line_follower_worlds': CMAKE_PREFIX_PATH=${CMAKE_PREFIX_PATH}:/home/benja/turtlebot3_ws/install/turtlebot3_teleop:/home/benja/turtlebot3_ws/install/turtlebot3_example:/home/benja/turtlebot3_ws/install/follower:/home/benja/turtlebot3_ws/install/line_follower_description:/home/benja/turtlebot3_ws/install/line_follower_controller:/opt/ros/humble /usr/bin/cmake --build /home/benja/turtlebot3_ws/src/ros2-line-follower/build/line_follower_worlds -- -j12 -l12
[1.713s] Invoked command in '/home/benja/turtlebot3_ws/src/ros2-line-follower/build/line_follower_worlds' returned '0': CMAKE_PREFIX_PATH=${CMAKE_PREFIX_PATH}:/home/benja/turtlebot3_ws/install/turtlebot3_teleop:/home/benja/turtlebot3_ws/install/turtlebot3_example:/home/benja/turtlebot3_ws/install/follower:/home/benja/turtlebot3_ws/install/line_follower_description:/home/benja/turtlebot3_ws/install/line_follower_controller:/opt/ros/humble /usr/bin/cmake --build /home/benja/turtlebot3_ws/src/ros2-line-follower/build/line_follower_worlds -- -j12 -l12
[1.715s] Invoking command in '/home/benja/turtlebot3_ws/src/ros2-line-follower/build/line_follower_worlds': CMAKE_PREFIX_PATH=${CMAKE_PREFIX_PATH}:/home/benja/turtlebot3_ws/install/turtlebot3_teleop:/home/benja/turtlebot3_ws/install/turtlebot3_example:/home/benja/turtlebot3_ws/install/follower:/home/benja/turtlebot3_ws/install/line_follower_description:/home/benja/turtlebot3_ws/install/line_follower_controller:/opt/ros/humble /usr/bin/cmake --install /home/benja/turtlebot3_ws/src/ros2-line-follower/build/line_follower_worlds
[1.724s] -- Install configuration: ""
[1.725s] -- Execute custom install script
[1.726s] -- Symlinking: /home/benja/turtlebot3_ws/src/ros2-line-follower/install/line_follower_worlds/share/line_follower_worlds/worlds/default.world
[1.737s] -- Symlinking: /home/benja/turtlebot3_ws/src/ros2-line-follower/install/line_follower_worlds/share/line_follower_worlds/worlds/empty_world.world
[1.748s] -- Symlinking: /home/benja/turtlebot3_ws/src/ros2-line-follower/install/line_follower_worlds/share/line_follower_worlds/worlds/line_follower.world
[1.758s] -- Symlinking: /home/benja/turtlebot3_ws/src/ros2-line-follower/install/line_follower_worlds/share/line_follower_worlds/worlds/sample.world
[1.769s] -- Symlinking: /home/benja/turtlebot3_ws/src/ros2-line-follower/install/line_follower_worlds/share/ament_index/resource_index/package_run_dependencies/line_follower_worlds
[1.784s] -- Symlinking: /home/benja/turtlebot3_ws/src/ros2-line-follower/install/line_follower_worlds/share/ament_index/resource_index/parent_prefix_path/line_follower_worlds
[1.797s] -- Symlinking: /home/benja/turtlebot3_ws/src/ros2-line-follower/install/line_follower_worlds/share/line_follower_worlds/environment/ament_prefix_path.sh
[1.808s] -- Symlinking: /home/benja/turtlebot3_ws/src/ros2-line-follower/install/line_follower_worlds/share/line_follower_worlds/environment/ament_prefix_path.dsv
[1.819s] -- Symlinking: /home/benja/turtlebot3_ws/src/ros2-line-follower/install/line_follower_worlds/share/line_follower_worlds/environment/path.sh
[1.830s] -- Symlinking: /home/benja/turtlebot3_ws/src/ros2-line-follower/install/line_follower_worlds/share/line_follower_worlds/environment/path.dsv
[1.841s] -- Symlinking: /home/benja/turtlebot3_ws/src/ros2-line-follower/install/line_follower_worlds/share/line_follower_worlds/local_setup.bash
[1.851s] -- Symlinking: /home/benja/turtlebot3_ws/src/ros2-line-follower/install/line_follower_worlds/share/line_follower_worlds/local_setup.sh
[1.862s] -- Symlinking: /home/benja/turtlebot3_ws/src/ros2-line-follower/install/line_follower_worlds/share/line_follower_worlds/local_setup.zsh
[1.872s] -- Symlinking: /home/benja/turtlebot3_ws/src/ros2-line-follower/install/line_follower_worlds/share/line_follower_worlds/local_setup.dsv
[1.883s] -- Symlinking: /home/benja/turtlebot3_ws/src/ros2-line-follower/install/line_follower_worlds/share/line_follower_worlds/package.dsv
[1.895s] -- Symlinking: /home/benja/turtlebot3_ws/src/ros2-line-follower/install/line_follower_worlds/share/ament_index/resource_index/packages/line_follower_worlds
[1.907s] -- Symlinking: /home/benja/turtlebot3_ws/src/ros2-line-follower/install/line_follower_worlds/share/line_follower_worlds/cmake/line_follower_worldsConfig.cmake
[1.917s] -- Symlinking: /home/benja/turtlebot3_ws/src/ros2-line-follower/install/line_follower_worlds/share/line_follower_worlds/cmake/line_follower_worldsConfig-version.cmake
[1.928s] -- Symlinking: /home/benja/turtlebot3_ws/src/ros2-line-follower/install/line_follower_worlds/share/line_follower_worlds/package.xml
[1.941s] Invoked command in '/home/benja/turtlebot3_ws/src/ros2-line-follower/build/line_follower_worlds' returned '0': CMAKE_PREFIX_PATH=${CMAKE_PREFIX_PATH}:/home/benja/turtlebot3_ws/install/turtlebot3_teleop:/home/benja/turtlebot3_ws/install/turtlebot3_example:/home/benja/turtlebot3_ws/install/follower:/home/benja/turtlebot3_ws/install/line_follower_description:/home/benja/turtlebot3_ws/install/line_follower_controller:/opt/ros/humble /usr/bin/cmake --install /home/benja/turtlebot3_ws/src/ros2-line-follower/build/line_follower_worlds
