[0.590s] Invoking command in '/home/benja/turtlebot3_ws/build/line_follower_bringup': CMAKE_PREFIX_PATH=${CMAKE_PREFIX_PATH}:/home/benja/turtlebot3_ws/install/turtlebot3_teleop:/home/benja/turtlebot3_ws/install/turtlebot3_example:/home/benja/turtlebot3_ws/install/follower:/home/benja/turtlebot3_ws/install/line_follower_description:/home/benja/turtlebot3_ws/install/line_follower_controller:/opt/ros/humble /usr/bin/cmake --build /home/benja/turtlebot3_ws/build/line_follower_bringup -- -j12 -l12
[1.154s] Invoked command in '/home/benja/turtlebot3_ws/build/line_follower_bringup' returned '0': CMAKE_PREFIX_PATH=${CMAKE_PREFIX_PATH}:/home/benja/turtlebot3_ws/install/turtlebot3_teleop:/home/benja/turtlebot3_ws/install/turtlebot3_example:/home/benja/turtlebot3_ws/install/follower:/home/benja/turtlebot3_ws/install/line_follower_description:/home/benja/turtlebot3_ws/install/line_follower_controller:/opt/ros/humble /usr/bin/cmake --build /home/benja/turtlebot3_ws/build/line_follower_bringup -- -j12 -l12
[1.156s] Invoking command in '/home/benja/turtlebot3_ws/build/line_follower_bringup': CMAKE_PREFIX_PATH=${CMAKE_PREFIX_PATH}:/home/benja/turtlebot3_ws/install/turtlebot3_teleop:/home/benja/turtlebot3_ws/install/turtlebot3_example:/home/benja/turtlebot3_ws/install/follower:/home/benja/turtlebot3_ws/install/line_follower_description:/home/benja/turtlebot3_ws/install/line_follower_controller:/opt/ros/humble /usr/bin/cmake --install /home/benja/turtlebot3_ws/build/line_follower_bringup
[1.244s] -- Install configuration: ""
[1.244s] -- Execute custom install script
[1.244s] -- Up-to-date symlink: /home/benja/turtlebot3_ws/install/line_follower_bringup/share/line_follower_bringup/launch/display.launch.py
[1.244s] -- Up-to-date symlink: /home/benja/turtlebot3_ws/install/line_follower_bringup/share/line_follower_bringup/launch/gazebo.launch.py
[1.244s] -- Up-to-date symlink: /home/benja/turtlebot3_ws/install/line_follower_bringup/share/line_follower_bringup/launch/gazebo_with_rviz.launch.py
[1.245s] -- Up-to-date symlink: /home/benja/turtlebot3_ws/install/line_follower_bringup/share/line_follower_bringup/launch/ignition.launch.py
[1.245s] -- Up-to-date symlink: /home/benja/turtlebot3_ws/install/line_follower_bringup/share/line_follower_bringup/launch/robot.launch.py
[1.245s] -- Up-to-date symlink: /home/benja/turtlebot3_ws/install/line_follower_bringup/share/ament_index/resource_index/package_run_dependencies/line_follower_bringup
[1.245s] -- Up-to-date symlink: /home/benja/turtlebot3_ws/install/line_follower_bringup/share/ament_index/resource_index/parent_prefix_path/line_follower_bringup
[1.245s] -- Up-to-date symlink: /home/benja/turtlebot3_ws/install/line_follower_bringup/share/line_follower_bringup/environment/ament_prefix_path.sh
[1.246s] -- Up-to-date symlink: /home/benja/turtlebot3_ws/install/line_follower_bringup/share/line_follower_bringup/environment/ament_prefix_path.dsv
[1.246s] -- Up-to-date symlink: /home/benja/turtlebot3_ws/install/line_follower_bringup/share/line_follower_bringup/environment/path.sh
[1.246s] -- Up-to-date symlink: /home/benja/turtlebot3_ws/install/line_follower_bringup/share/line_follower_bringup/environment/path.dsv
[1.246s] -- Up-to-date symlink: /home/benja/turtlebot3_ws/install/line_follower_bringup/share/line_follower_bringup/local_setup.bash
[1.246s] -- Up-to-date symlink: /home/benja/turtlebot3_ws/install/line_follower_bringup/share/line_follower_bringup/local_setup.sh
[1.246s] -- Up-to-date symlink: /home/benja/turtlebot3_ws/install/line_follower_bringup/share/line_follower_bringup/local_setup.zsh
[1.246s] -- Up-to-date symlink: /home/benja/turtlebot3_ws/install/line_follower_bringup/share/line_follower_bringup/local_setup.dsv
[1.247s] -- Symlinking: /home/benja/turtlebot3_ws/install/line_follower_bringup/share/line_follower_bringup/package.dsv
[1.299s] -- Up-to-date symlink: /home/benja/turtlebot3_ws/install/line_follower_bringup/share/ament_index/resource_index/packages/line_follower_bringup
[1.299s] -- Up-to-date symlink: /home/benja/turtlebot3_ws/install/line_follower_bringup/share/line_follower_bringup/cmake/line_follower_bringupConfig.cmake
[1.299s] -- Up-to-date symlink: /home/benja/turtlebot3_ws/install/line_follower_bringup/share/line_follower_bringup/cmake/line_follower_bringupConfig-version.cmake
[1.301s] -- Up-to-date symlink: /home/benja/turtlebot3_ws/install/line_follower_bringup/share/line_follower_bringup/package.xml
[1.349s] Invoked command in '/home/benja/turtlebot3_ws/build/line_follower_bringup' returned '0': CMAKE_PREFIX_PATH=${CMAKE_PREFIX_PATH}:/home/benja/turtlebot3_ws/install/turtlebot3_teleop:/home/benja/turtlebot3_ws/install/turtlebot3_example:/home/benja/turtlebot3_ws/install/follower:/home/benja/turtlebot3_ws/install/line_follower_description:/home/benja/turtlebot3_ws/install/line_follower_controller:/opt/ros/humble /usr/bin/cmake --install /home/benja/turtlebot3_ws/build/line_follower_bringup
