[0.292s] Invoking command in '/home/benja/turtlebot3_ws/src/ros2-line-follower/build/line_follower_bringup': CMAKE_PREFIX_PATH=${CMAKE_PREFIX_PATH}:/home/benja/turtlebot3_ws/install/turtlebot3_teleop:/home/benja/turtlebot3_ws/install/turtlebot3_example:/home/benja/turtlebot3_ws/install/follower:/home/benja/turtlebot3_ws/install/line_follower_description:/home/benja/turtlebot3_ws/install/line_follower_controller:/opt/ros/humble /usr/bin/cmake /home/benja/turtlebot3_ws/src/ros2-line-follower/follower2 (MyW)/line_follower_bringup -DAMENT_CMAKE_SYMLINK_INSTALL=1 -DCMAKE_INSTALL_PREFIX=/home/benja/turtlebot3_ws/src/ros2-line-follower/install/line_follower_bringup
[0.814s] -- The C compiler identification is GNU 11.4.0
[0.814s] -- The CXX compiler identification is GNU 11.4.0
[0.814s] -- Detecting C compiler ABI info
[0.814s] -- Detecting C compiler ABI info - done
[0.814s] -- Check for working C compiler: /usr/bin/cc - skipped
[0.814s] -- Detecting C compile features
[0.814s] -- Detecting C compile features - done
[0.814s] -- Detecting CXX compiler ABI info
[0.815s] -- Detecting CXX compiler ABI info - done
[0.815s] -- Check for working CXX compiler: /usr/bin/c++ - skipped
[0.815s] -- Detecting CXX compile features
[0.815s] -- Detecting CXX compile features - done
[0.815s] -- Found ament_cmake: 1.3.14 (/opt/ros/humble/share/ament_cmake/cmake)
[0.842s] -- Found Python3: /usr/bin/python3 (found version "3.10.12") found components: Interpreter 
[0.937s] -- Override CMake install command with custom implementation using symlinks instead of copying resources
[1.115s] -- Configuring done
[1.119s] -- Generating done
[1.121s] -- Build files have been written to: /home/benja/turtlebot3_ws/src/ros2-line-follower/build/line_follower_bringup
[1.127s] Invoked command in '/home/benja/turtlebot3_ws/src/ros2-line-follower/build/line_follower_bringup' returned '0': CMAKE_PREFIX_PATH=${CMAKE_PREFIX_PATH}:/home/benja/turtlebot3_ws/install/turtlebot3_teleop:/home/benja/turtlebot3_ws/install/turtlebot3_example:/home/benja/turtlebot3_ws/install/follower:/home/benja/turtlebot3_ws/install/line_follower_description:/home/benja/turtlebot3_ws/install/line_follower_controller:/opt/ros/humble /usr/bin/cmake /home/benja/turtlebot3_ws/src/ros2-line-follower/follower2 (MyW)/line_follower_bringup -DAMENT_CMAKE_SYMLINK_INSTALL=1 -DCMAKE_INSTALL_PREFIX=/home/benja/turtlebot3_ws/src/ros2-line-follower/install/line_follower_bringup
[1.131s] Invoking command in '/home/benja/turtlebot3_ws/src/ros2-line-follower/build/line_follower_bringup': CMAKE_PREFIX_PATH=${CMAKE_PREFIX_PATH}:/home/benja/turtlebot3_ws/install/turtlebot3_teleop:/home/benja/turtlebot3_ws/install/turtlebot3_example:/home/benja/turtlebot3_ws/install/follower:/home/benja/turtlebot3_ws/install/line_follower_description:/home/benja/turtlebot3_ws/install/line_follower_controller:/opt/ros/humble /usr/bin/cmake --build /home/benja/turtlebot3_ws/src/ros2-line-follower/build/line_follower_bringup -- -j12 -l12
[1.181s] Invoked command in '/home/benja/turtlebot3_ws/src/ros2-line-follower/build/line_follower_bringup' returned '0': CMAKE_PREFIX_PATH=${CMAKE_PREFIX_PATH}:/home/benja/turtlebot3_ws/install/turtlebot3_teleop:/home/benja/turtlebot3_ws/install/turtlebot3_example:/home/benja/turtlebot3_ws/install/follower:/home/benja/turtlebot3_ws/install/line_follower_description:/home/benja/turtlebot3_ws/install/line_follower_controller:/opt/ros/humble /usr/bin/cmake --build /home/benja/turtlebot3_ws/src/ros2-line-follower/build/line_follower_bringup -- -j12 -l12
[1.192s] Invoking command in '/home/benja/turtlebot3_ws/src/ros2-line-follower/build/line_follower_bringup': CMAKE_PREFIX_PATH=${CMAKE_PREFIX_PATH}:/home/benja/turtlebot3_ws/install/turtlebot3_teleop:/home/benja/turtlebot3_ws/install/turtlebot3_example:/home/benja/turtlebot3_ws/install/follower:/home/benja/turtlebot3_ws/install/line_follower_description:/home/benja/turtlebot3_ws/install/line_follower_controller:/opt/ros/humble /usr/bin/cmake --install /home/benja/turtlebot3_ws/src/ros2-line-follower/build/line_follower_bringup
[1.200s] -- Install configuration: ""
[1.200s] -- Execute custom install script
[1.201s] -- Symlinking: /home/benja/turtlebot3_ws/src/ros2-line-follower/install/line_follower_bringup/share/line_follower_bringup/launch/display.launch.py
[1.211s] -- Symlinking: /home/benja/turtlebot3_ws/src/ros2-line-follower/install/line_follower_bringup/share/line_follower_bringup/launch/gazebo.launch.py
[1.222s] -- Symlinking: /home/benja/turtlebot3_ws/src/ros2-line-follower/install/line_follower_bringup/share/line_follower_bringup/launch/gazebo_with_rviz.launch.py
[1.234s] -- Symlinking: /home/benja/turtlebot3_ws/src/ros2-line-follower/install/line_follower_bringup/share/line_follower_bringup/launch/ignition.launch.py
[1.245s] -- Symlinking: /home/benja/turtlebot3_ws/src/ros2-line-follower/install/line_follower_bringup/share/line_follower_bringup/launch/robot.launch.py
[1.256s] -- Symlinking: /home/benja/turtlebot3_ws/src/ros2-line-follower/install/line_follower_bringup/share/ament_index/resource_index/package_run_dependencies/line_follower_bringup
[1.267s] -- Symlinking: /home/benja/turtlebot3_ws/src/ros2-line-follower/install/line_follower_bringup/share/ament_index/resource_index/parent_prefix_path/line_follower_bringup
[1.277s] -- Symlinking: /home/benja/turtlebot3_ws/src/ros2-line-follower/install/line_follower_bringup/share/line_follower_bringup/environment/ament_prefix_path.sh
[1.287s] -- Symlinking: /home/benja/turtlebot3_ws/src/ros2-line-follower/install/line_follower_bringup/share/line_follower_bringup/environment/ament_prefix_path.dsv
[1.298s] -- Symlinking: /home/benja/turtlebot3_ws/src/ros2-line-follower/install/line_follower_bringup/share/line_follower_bringup/environment/path.sh
[1.309s] -- Symlinking: /home/benja/turtlebot3_ws/src/ros2-line-follower/install/line_follower_bringup/share/line_follower_bringup/environment/path.dsv
[1.320s] -- Symlinking: /home/benja/turtlebot3_ws/src/ros2-line-follower/install/line_follower_bringup/share/line_follower_bringup/local_setup.bash
[1.332s] -- Symlinking: /home/benja/turtlebot3_ws/src/ros2-line-follower/install/line_follower_bringup/share/line_follower_bringup/local_setup.sh
[1.343s] -- Symlinking: /home/benja/turtlebot3_ws/src/ros2-line-follower/install/line_follower_bringup/share/line_follower_bringup/local_setup.zsh
[1.356s] -- Symlinking: /home/benja/turtlebot3_ws/src/ros2-line-follower/install/line_follower_bringup/share/line_follower_bringup/local_setup.dsv
[1.368s] -- Symlinking: /home/benja/turtlebot3_ws/src/ros2-line-follower/install/line_follower_bringup/share/line_follower_bringup/package.dsv
[1.380s] -- Symlinking: /home/benja/turtlebot3_ws/src/ros2-line-follower/install/line_follower_bringup/share/ament_index/resource_index/packages/line_follower_bringup
[1.394s] -- Symlinking: /home/benja/turtlebot3_ws/src/ros2-line-follower/install/line_follower_bringup/share/line_follower_bringup/cmake/line_follower_bringupConfig.cmake
[1.407s] -- Symlinking: /home/benja/turtlebot3_ws/src/ros2-line-follower/install/line_follower_bringup/share/line_follower_bringup/cmake/line_follower_bringupConfig-version.cmake
[1.420s] -- Symlinking: /home/benja/turtlebot3_ws/src/ros2-line-follower/install/line_follower_bringup/share/line_follower_bringup/package.xml
[1.435s] Invoked command in '/home/benja/turtlebot3_ws/src/ros2-line-follower/build/line_follower_bringup' returned '0': CMAKE_PREFIX_PATH=${CMAKE_PREFIX_PATH}:/home/benja/turtlebot3_ws/install/turtlebot3_teleop:/home/benja/turtlebot3_ws/install/turtlebot3_example:/home/benja/turtlebot3_ws/install/follower:/home/benja/turtlebot3_ws/install/line_follower_description:/home/benja/turtlebot3_ws/install/line_follower_controller:/opt/ros/humble /usr/bin/cmake --install /home/benja/turtlebot3_ws/src/ros2-line-follower/build/line_follower_bringup
