[1.772s] Invoking command in '/home/benja/turtlebot3_ws/src/ros2-line-follower/build/line_follower_description': PYTHONPATH=/home/benja/turtlebot3_ws/src/ros2-line-follower/build/line_follower_description/prefix_override:/usr/lib/python3/dist-packages/colcon_core/task/python/colcon_distutils_commands:/home/benja/turtlebot3_ws/src/ros2-line-follower/install/line_follower_description/lib/python3.10/site-packages:${PYTHONPATH} /usr/bin/python3 -W ignore:setup.py install is deprecated -W ignore:easy_install command is deprecated setup.py develop --editable --build-directory /home/benja/turtlebot3_ws/src/ros2-line-follower/build/line_follower_description/build --no-deps symlink_data
[2.086s] running develop
[2.264s] running egg_info
[2.264s] creating line_follower_description.egg-info
[2.264s] writing line_follower_description.egg-info/PKG-INFO
[2.265s] writing dependency_links to line_follower_description.egg-info/dependency_links.txt
[2.265s] writing entry points to line_follower_description.egg-info/entry_points.txt
[2.265s] writing requirements to line_follower_description.egg-info/requires.txt
[2.265s] writing top-level names to line_follower_description.egg-info/top_level.txt
[2.265s] writing manifest file 'line_follower_description.egg-info/SOURCES.txt'
[2.267s] reading manifest file 'line_follower_description.egg-info/SOURCES.txt'
[2.268s] writing manifest file 'line_follower_description.egg-info/SOURCES.txt'
[2.271s] running build_ext
[2.271s] Creating /home/benja/turtlebot3_ws/src/ros2-line-follower/install/line_follower_description/lib/python3.10/site-packages/line-follower-description.egg-link (link to .)
[2.272s] 
[2.272s] Installed /home/benja/turtlebot3_ws/src/ros2-line-follower/build/line_follower_description
[2.272s] running symlink_data
[2.272s] creating /home/benja/turtlebot3_ws/src/ros2-line-follower/install/line_follower_description/share/ament_index
[2.272s] creating /home/benja/turtlebot3_ws/src/ros2-line-follower/install/line_follower_description/share/ament_index/resource_index
[2.273s] creating /home/benja/turtlebot3_ws/src/ros2-line-follower/install/line_follower_description/share/ament_index/resource_index/packages
[2.273s] symbolically linking /home/benja/turtlebot3_ws/src/ros2-line-follower/build/line_follower_description/resource/line_follower_description -> /home/benja/turtlebot3_ws/src/ros2-line-follower/install/line_follower_description/share/ament_index/resource_index/packages
[2.274s] symbolically linking /home/benja/turtlebot3_ws/src/ros2-line-follower/build/line_follower_description/package.xml -> /home/benja/turtlebot3_ws/src/ros2-line-follower/install/line_follower_description/share/line_follower_description
[2.274s] creating /home/benja/turtlebot3_ws/src/ros2-line-follower/install/line_follower_description/share/line_follower_description/launch
[2.275s] creating /home/benja/turtlebot3_ws/src/ros2-line-follower/install/line_follower_description/share/line_follower_description/sample_urdf
[2.275s] symbolically linking /home/benja/turtlebot3_ws/src/ros2-line-follower/build/line_follower_description/sample_urdf/drone.urdf.xacro -> /home/benja/turtlebot3_ws/src/ros2-line-follower/install/line_follower_description/share/line_follower_description/sample_urdf
[2.275s] symbolically linking /home/benja/turtlebot3_ws/src/ros2-line-follower/build/line_follower_description/sample_urdf/robot.urdf.xacro -> /home/benja/turtlebot3_ws/src/ros2-line-follower/install/line_follower_description/share/line_follower_description/sample_urdf
[2.276s] symbolically linking /home/benja/turtlebot3_ws/src/ros2-line-follower/build/line_follower_description/sample_urdf/camera.plugin.urdf.xacro -> /home/benja/turtlebot3_ws/src/ros2-line-follower/install/line_follower_description/share/line_follower_description/sample_urdf
[2.276s] symbolically linking /home/benja/turtlebot3_ws/src/ros2-line-follower/build/line_follower_description/sample_urdf/line_follower.urdf.xacro -> /home/benja/turtlebot3_ws/src/ros2-line-follower/install/line_follower_description/share/line_follower_description/sample_urdf
[2.276s] symbolically linking /home/benja/turtlebot3_ws/src/ros2-line-follower/build/line_follower_description/sample_urdf/line_follower.gazebo.urdf.xacro -> /home/benja/turtlebot3_ws/src/ros2-line-follower/install/line_follower_description/share/line_follower_description/sample_urdf
[2.276s] symbolically linking /home/benja/turtlebot3_ws/src/ros2-line-follower/build/line_follower_description/sample_urdf/plugins.urdf.xacro -> /home/benja/turtlebot3_ws/src/ros2-line-follower/install/line_follower_description/share/line_follower_description/sample_urdf
[2.277s] symbolically linking /home/benja/turtlebot3_ws/src/ros2-line-follower/build/line_follower_description/sample_urdf/common.urdf.xacro -> /home/benja/turtlebot3_ws/src/ros2-line-follower/install/line_follower_description/share/line_follower_description/sample_urdf
[2.277s] symbolically linking /home/benja/turtlebot3_ws/src/ros2-line-follower/build/line_follower_description/sample_urdf/variables.urdf.xacro -> /home/benja/turtlebot3_ws/src/ros2-line-follower/install/line_follower_description/share/line_follower_description/sample_urdf
[2.278s] creating /home/benja/turtlebot3_ws/src/ros2-line-follower/install/line_follower_description/share/line_follower_description/robot_urdf
[2.278s] symbolically linking /home/benja/turtlebot3_ws/src/ros2-line-follower/build/line_follower_description/robot_urdf/base_footprint.xacro -> /home/benja/turtlebot3_ws/src/ros2-line-follower/install/line_follower_description/share/line_follower_description/robot_urdf
[2.278s] symbolically linking /home/benja/turtlebot3_ws/src/ros2-line-follower/build/line_follower_description/robot_urdf/camera.xacro -> /home/benja/turtlebot3_ws/src/ros2-line-follower/install/line_follower_description/share/line_follower_description/robot_urdf
[2.278s] symbolically linking /home/benja/turtlebot3_ws/src/ros2-line-follower/build/line_follower_description/robot_urdf/line_follower.xacro -> /home/benja/turtlebot3_ws/src/ros2-line-follower/install/line_follower_description/share/line_follower_description/robot_urdf
[2.278s] symbolically linking /home/benja/turtlebot3_ws/src/ros2-line-follower/build/line_follower_description/robot_urdf/line_follower.trans -> /home/benja/turtlebot3_ws/src/ros2-line-follower/install/line_follower_description/share/line_follower_description/robot_urdf
[2.279s] symbolically linking /home/benja/turtlebot3_ws/src/ros2-line-follower/build/line_follower_description/robot_urdf/plugins.xacro -> /home/benja/turtlebot3_ws/src/ros2-line-follower/install/line_follower_description/share/line_follower_description/robot_urdf
[2.279s] symbolically linking /home/benja/turtlebot3_ws/src/ros2-line-follower/build/line_follower_description/robot_urdf/line_follower.gazebo -> /home/benja/turtlebot3_ws/src/ros2-line-follower/install/line_follower_description/share/line_follower_description/robot_urdf
[2.279s] symbolically linking /home/benja/turtlebot3_ws/src/ros2-line-follower/build/line_follower_description/robot_urdf/materials.xacro -> /home/benja/turtlebot3_ws/src/ros2-line-follower/install/line_follower_description/share/line_follower_description/robot_urdf
[2.279s] creating /home/benja/turtlebot3_ws/src/ros2-line-follower/install/line_follower_description/share/line_follower_description/meshes
[2.279s] symbolically linking /home/benja/turtlebot3_ws/src/ros2-line-follower/build/line_follower_description/meshes/wheel_clamp_3_1.stl -> /home/benja/turtlebot3_ws/src/ros2-line-follower/install/line_follower_description/share/line_follower_description/meshes
[2.279s] symbolically linking /home/benja/turtlebot3_ws/src/ros2-line-follower/build/line_follower_description/meshes/wheel_clamp_2_1.stl -> /home/benja/turtlebot3_ws/src/ros2-line-follower/install/line_follower_description/share/line_follower_description/meshes
[2.279s] symbolically linking /home/benja/turtlebot3_ws/src/ros2-line-follower/build/line_follower_description/meshes/wheel_1_1.stl -> /home/benja/turtlebot3_ws/src/ros2-line-follower/install/line_follower_description/share/line_follower_description/meshes
[2.280s] symbolically linking /home/benja/turtlebot3_ws/src/ros2-line-follower/build/line_follower_description/meshes/wheel_clamp_4_1.stl -> /home/benja/turtlebot3_ws/src/ros2-line-follower/install/line_follower_description/share/line_follower_description/meshes
[2.280s] symbolically linking /home/benja/turtlebot3_ws/src/ros2-line-follower/build/line_follower_description/meshes/wheel_3_1.stl -> /home/benja/turtlebot3_ws/src/ros2-line-follower/install/line_follower_description/share/line_follower_description/meshes
[2.280s] symbolically linking /home/benja/turtlebot3_ws/src/ros2-line-follower/build/line_follower_description/meshes/base_link.stl -> /home/benja/turtlebot3_ws/src/ros2-line-follower/install/line_follower_description/share/line_follower_description/meshes
[2.281s] symbolically linking /home/benja/turtlebot3_ws/src/ros2-line-follower/build/line_follower_description/meshes/wheel_4_1.stl -> /home/benja/turtlebot3_ws/src/ros2-line-follower/install/line_follower_description/share/line_follower_description/meshes
[2.281s] symbolically linking /home/benja/turtlebot3_ws/src/ros2-line-follower/build/line_follower_description/meshes/wheel_2_1.stl -> /home/benja/turtlebot3_ws/src/ros2-line-follower/install/line_follower_description/share/line_follower_description/meshes
[2.281s] symbolically linking /home/benja/turtlebot3_ws/src/ros2-line-follower/build/line_follower_description/meshes/depth_camera_1.stl -> /home/benja/turtlebot3_ws/src/ros2-line-follower/install/line_follower_description/share/line_follower_description/meshes
[2.282s] symbolically linking /home/benja/turtlebot3_ws/src/ros2-line-follower/build/line_follower_description/meshes/wheel_clamp_1_1.stl -> /home/benja/turtlebot3_ws/src/ros2-line-follower/install/line_follower_description/share/line_follower_description/meshes
[2.282s] creating /home/benja/turtlebot3_ws/src/ros2-line-follower/install/line_follower_description/share/line_follower_description/config
[2.282s] symbolically linking /home/benja/turtlebot3_ws/src/ros2-line-follower/build/line_follower_description/config/old_display.rviz -> /home/benja/turtlebot3_ws/src/ros2-line-follower/install/line_follower_description/share/line_follower_description/config
[2.282s] symbolically linking /home/benja/turtlebot3_ws/src/ros2-line-follower/build/line_follower_description/config/display.rviz -> /home/benja/turtlebot3_ws/src/ros2-line-follower/install/line_follower_description/share/line_follower_description/config
[2.282s] creating /home/benja/turtlebot3_ws/src/ros2-line-follower/install/line_follower_description/share/line_follower_description/worlds
[2.309s] Invoked command in '/home/benja/turtlebot3_ws/src/ros2-line-follower/build/line_follower_description' returned '0': PYTHONPATH=/home/benja/turtlebot3_ws/src/ros2-line-follower/build/line_follower_description/prefix_override:/usr/lib/python3/dist-packages/colcon_core/task/python/colcon_distutils_commands:/home/benja/turtlebot3_ws/src/ros2-line-follower/install/line_follower_description/lib/python3.10/site-packages:${PYTHONPATH} /usr/bin/python3 -W ignore:setup.py install is deprecated -W ignore:easy_install command is deprecated setup.py develop --editable --build-directory /home/benja/turtlebot3_ws/src/ros2-line-follower/build/line_follower_description/build --no-deps symlink_data
