[0.046s] Invoking command in '/home/benja/turtlebot3_ws/src/build/line_follower_models': CMAKE_PREFIX_PATH=${CMAKE_PREFIX_PATH}:/home/benja/turtlebot3_ws/install/turtlebot3_teleop:/home/benja/turtlebot3_ws/install/turtlebot3_example:/home/benja/turtlebot3_ws/install/follower:/home/benja/turtlebot3_ws/install/line_follower_description:/home/benja/turtlebot3_ws/install/line_follower_controller:/opt/ros/humble /usr/bin/cmake /home/benja/turtlebot3_ws/src/ros2-line-follower/follower2 (MyW)/line_follower_models -DAMENT_CMAKE_SYMLINK_INSTALL=1 -DCMAKE_INSTALL_PREFIX=/home/benja/turtlebot3_ws/src/install/line_follower_models
[0.298s] -- The C compiler identification is GNU 11.4.0
[0.487s] -- The CXX compiler identification is GNU 11.4.0
[0.503s] -- Detecting C compiler ABI info
[0.823s] -- Detecting C compiler ABI info - done
[0.869s] -- Check for working C compiler: /usr/bin/cc - skipped
[0.870s] -- Detecting C compile features
[0.877s] -- Detecting C compile features - done
[0.884s] -- Detecting CXX compiler ABI info
[1.238s] -- Detecting CXX compiler ABI info - done
[1.280s] -- Check for working CXX compiler: /usr/bin/c++ - skipped
[1.280s] -- Detecting CXX compile features
[1.281s] -- Detecting CXX compile features - done
[1.294s] -- Found ament_cmake: 1.3.14 (/opt/ros/humble/share/ament_cmake/cmake)
[1.757s] -- Found Python3: /usr/bin/python3 (found version "3.10.12") found components: Interpreter 
[1.925s] -- Override CMake install command with custom implementation using symlinks instead of copying resources
[2.223s] -- Configuring done
[2.228s] -- Generating done
[2.231s] -- Build files have been written to: /home/benja/turtlebot3_ws/src/build/line_follower_models
[2.245s] Invoked command in '/home/benja/turtlebot3_ws/src/build/line_follower_models' returned '0': CMAKE_PREFIX_PATH=${CMAKE_PREFIX_PATH}:/home/benja/turtlebot3_ws/install/turtlebot3_teleop:/home/benja/turtlebot3_ws/install/turtlebot3_example:/home/benja/turtlebot3_ws/install/follower:/home/benja/turtlebot3_ws/install/line_follower_description:/home/benja/turtlebot3_ws/install/line_follower_controller:/opt/ros/humble /usr/bin/cmake /home/benja/turtlebot3_ws/src/ros2-line-follower/follower2 (MyW)/line_follower_models -DAMENT_CMAKE_SYMLINK_INSTALL=1 -DCMAKE_INSTALL_PREFIX=/home/benja/turtlebot3_ws/src/install/line_follower_models
[2.249s] Invoking command in '/home/benja/turtlebot3_ws/src/build/line_follower_models': CMAKE_PREFIX_PATH=${CMAKE_PREFIX_PATH}:/home/benja/turtlebot3_ws/install/turtlebot3_teleop:/home/benja/turtlebot3_ws/install/turtlebot3_example:/home/benja/turtlebot3_ws/install/follower:/home/benja/turtlebot3_ws/install/line_follower_description:/home/benja/turtlebot3_ws/install/line_follower_controller:/opt/ros/humble /usr/bin/cmake --build /home/benja/turtlebot3_ws/src/build/line_follower_models -- -j12 -l12
[2.333s] Invoked command in '/home/benja/turtlebot3_ws/src/build/line_follower_models' returned '0': CMAKE_PREFIX_PATH=${CMAKE_PREFIX_PATH}:/home/benja/turtlebot3_ws/install/turtlebot3_teleop:/home/benja/turtlebot3_ws/install/turtlebot3_example:/home/benja/turtlebot3_ws/install/follower:/home/benja/turtlebot3_ws/install/line_follower_description:/home/benja/turtlebot3_ws/install/line_follower_controller:/opt/ros/humble /usr/bin/cmake --build /home/benja/turtlebot3_ws/src/build/line_follower_models -- -j12 -l12
[2.336s] Invoking command in '/home/benja/turtlebot3_ws/src/build/line_follower_models': CMAKE_PREFIX_PATH=${CMAKE_PREFIX_PATH}:/home/benja/turtlebot3_ws/install/turtlebot3_teleop:/home/benja/turtlebot3_ws/install/turtlebot3_example:/home/benja/turtlebot3_ws/install/follower:/home/benja/turtlebot3_ws/install/line_follower_description:/home/benja/turtlebot3_ws/install/line_follower_controller:/opt/ros/humble /usr/bin/cmake --install /home/benja/turtlebot3_ws/src/build/line_follower_models
[2.545s] -- Install configuration: ""
[2.545s] -- Execute custom install script
[2.546s] -- Symlinking: /home/benja/turtlebot3_ws/src/install/line_follower_models/share/line_follower_models/models/line_path_ground_plane/materials/scripts/line_path_ground_plane.material
[2.546s] -- Symlinking: /home/benja/turtlebot3_ws/src/install/line_follower_models/share/line_follower_models/models/line_path_ground_plane/materials/textures/line_path.png
[2.546s] -- Symlinking: /home/benja/turtlebot3_ws/src/install/line_follower_models/share/line_follower_models/models/line_path_ground_plane/materials/textures/path_1.png
[2.546s] -- Symlinking: /home/benja/turtlebot3_ws/src/install/line_follower_models/share/line_follower_models/models/line_path_ground_plane/materials/textures/path_2.png
[2.546s] -- Symlinking: /home/benja/turtlebot3_ws/src/install/line_follower_models/share/line_follower_models/models/line_path_ground_plane/model.config
[2.546s] -- Symlinking: /home/benja/turtlebot3_ws/src/install/line_follower_models/share/line_follower_models/models/line_path_ground_plane/model.sdf
[2.546s] -- Symlinking: /home/benja/turtlebot3_ws/src/install/line_follower_models/share/line_follower_models/models/materials/scripts/line_path_ground_plane.material
[2.546s] -- Symlinking: /home/benja/turtlebot3_ws/src/install/line_follower_models/share/line_follower_models/models/materials/textures/line_path.png
[2.547s] -- Symlinking: /home/benja/turtlebot3_ws/src/install/line_follower_models/share/line_follower_models/models/materials/textures/path_1.png
[2.547s] -- Symlinking: /home/benja/turtlebot3_ws/src/install/line_follower_models/share/line_follower_models/models/materials/textures/path_2.png
[2.551s] -- Symlinking: /home/benja/turtlebot3_ws/src/install/line_follower_models/share/ament_index/resource_index/package_run_dependencies/line_follower_models
[2.569s] -- Symlinking: /home/benja/turtlebot3_ws/src/install/line_follower_models/share/ament_index/resource_index/parent_prefix_path/line_follower_models
[2.584s] -- Symlinking: /home/benja/turtlebot3_ws/src/install/line_follower_models/share/line_follower_models/environment/ament_prefix_path.sh
[2.602s] -- Symlinking: /home/benja/turtlebot3_ws/src/install/line_follower_models/share/line_follower_models/environment/ament_prefix_path.dsv
[2.620s] -- Symlinking: /home/benja/turtlebot3_ws/src/install/line_follower_models/share/line_follower_models/environment/path.sh
[2.641s] -- Symlinking: /home/benja/turtlebot3_ws/src/install/line_follower_models/share/line_follower_models/environment/path.dsv
[2.666s] -- Symlinking: /home/benja/turtlebot3_ws/src/install/line_follower_models/share/line_follower_models/local_setup.bash
[2.682s] -- Symlinking: /home/benja/turtlebot3_ws/src/install/line_follower_models/share/line_follower_models/local_setup.sh
[2.700s] -- Symlinking: /home/benja/turtlebot3_ws/src/install/line_follower_models/share/line_follower_models/local_setup.zsh
[2.727s] -- Symlinking: /home/benja/turtlebot3_ws/src/install/line_follower_models/share/line_follower_models/local_setup.dsv
[2.767s] -- Symlinking: /home/benja/turtlebot3_ws/src/install/line_follower_models/share/line_follower_models/package.dsv
[2.799s] -- Symlinking: /home/benja/turtlebot3_ws/src/install/line_follower_models/share/ament_index/resource_index/packages/line_follower_models
[2.827s] -- Symlinking: /home/benja/turtlebot3_ws/src/install/line_follower_models/share/line_follower_models/cmake/line_follower_modelsConfig.cmake
[2.870s] -- Symlinking: /home/benja/turtlebot3_ws/src/install/line_follower_models/share/line_follower_models/cmake/line_follower_modelsConfig-version.cmake
[2.910s] -- Symlinking: /home/benja/turtlebot3_ws/src/install/line_follower_models/share/line_follower_models/package.xml
[2.942s] Invoked command in '/home/benja/turtlebot3_ws/src/build/line_follower_models' returned '0': CMAKE_PREFIX_PATH=${CMAKE_PREFIX_PATH}:/home/benja/turtlebot3_ws/install/turtlebot3_teleop:/home/benja/turtlebot3_ws/install/turtlebot3_example:/home/benja/turtlebot3_ws/install/follower:/home/benja/turtlebot3_ws/install/line_follower_description:/home/benja/turtlebot3_ws/install/line_follower_controller:/opt/ros/humble /usr/bin/cmake --install /home/benja/turtlebot3_ws/src/build/line_follower_models
