[0.176s] Invoking command in '/home/benja/turtlebot3_ws/build/line_follower_worlds': CMAKE_PREFIX_PATH=${CMAKE_PREFIX_PATH}:/home/benja/turtlebot3_ws/install/turtlebot3_teleop:/home/benja/turtlebot3_ws/install/turtlebot3_example:/home/benja/turtlebot3_ws/install/follower:/home/benja/turtlebot3_ws/install/line_follower_description:/home/benja/turtlebot3_ws/install/line_follower_controller:/opt/ros/humble /usr/bin/cmake --build /home/benja/turtlebot3_ws/build/line_follower_worlds -- -j12 -l12
[0.968s] Invoked command in '/home/benja/turtlebot3_ws/build/line_follower_worlds' returned '0': CMAKE_PREFIX_PATH=${CMAKE_PREFIX_PATH}:/home/benja/turtlebot3_ws/install/turtlebot3_teleop:/home/benja/turtlebot3_ws/install/turtlebot3_example:/home/benja/turtlebot3_ws/install/follower:/home/benja/turtlebot3_ws/install/line_follower_description:/home/benja/turtlebot3_ws/install/line_follower_controller:/opt/ros/humble /usr/bin/cmake --build /home/benja/turtlebot3_ws/build/line_follower_worlds -- -j12 -l12
[0.970s] Invoking command in '/home/benja/turtlebot3_ws/build/line_follower_worlds': CMAKE_PREFIX_PATH=${CMAKE_PREFIX_PATH}:/home/benja/turtlebot3_ws/install/turtlebot3_teleop:/home/benja/turtlebot3_ws/install/turtlebot3_example:/home/benja/turtlebot3_ws/install/follower:/home/benja/turtlebot3_ws/install/line_follower_description:/home/benja/turtlebot3_ws/install/line_follower_controller:/opt/ros/humble /usr/bin/cmake --install /home/benja/turtlebot3_ws/build/line_follower_worlds
[0.980s] -- Install configuration: ""
[0.981s] -- Execute custom install script
[0.983s] -- Up-to-date symlink: /home/benja/turtlebot3_ws/install/line_follower_worlds/share/line_follower_worlds/worlds/default.world
[0.985s] -- Up-to-date symlink: /home/benja/turtlebot3_ws/install/line_follower_worlds/share/line_follower_worlds/worlds/empty_world.world
[0.985s] -- Up-to-date symlink: /home/benja/turtlebot3_ws/install/line_follower_worlds/share/line_follower_worlds/worlds/line_follower.world
[0.986s] -- Up-to-date symlink: /home/benja/turtlebot3_ws/install/line_follower_worlds/share/line_follower_worlds/worlds/sample.world
[0.986s] -- Up-to-date symlink: /home/benja/turtlebot3_ws/install/line_follower_worlds/share/ament_index/resource_index/package_run_dependencies/line_follower_worlds
[0.987s] -- Up-to-date symlink: /home/benja/turtlebot3_ws/install/line_follower_worlds/share/ament_index/resource_index/parent_prefix_path/line_follower_worlds
[0.987s] -- Up-to-date symlink: /home/benja/turtlebot3_ws/install/line_follower_worlds/share/line_follower_worlds/environment/ament_prefix_path.sh
[0.987s] -- Up-to-date symlink: /home/benja/turtlebot3_ws/install/line_follower_worlds/share/line_follower_worlds/environment/ament_prefix_path.dsv
[0.987s] -- Up-to-date symlink: /home/benja/turtlebot3_ws/install/line_follower_worlds/share/line_follower_worlds/environment/path.sh
[0.988s] -- Up-to-date symlink: /home/benja/turtlebot3_ws/install/line_follower_worlds/share/line_follower_worlds/environment/path.dsv
[0.989s] -- Up-to-date symlink: /home/benja/turtlebot3_ws/install/line_follower_worlds/share/line_follower_worlds/local_setup.bash
[0.989s] -- Up-to-date symlink: /home/benja/turtlebot3_ws/install/line_follower_worlds/share/line_follower_worlds/local_setup.sh
[0.990s] -- Up-to-date symlink: /home/benja/turtlebot3_ws/install/line_follower_worlds/share/line_follower_worlds/local_setup.zsh
[0.990s] -- Up-to-date symlink: /home/benja/turtlebot3_ws/install/line_follower_worlds/share/line_follower_worlds/local_setup.dsv
[0.990s] -- Symlinking: /home/benja/turtlebot3_ws/install/line_follower_worlds/share/line_follower_worlds/package.dsv
[1.007s] -- Up-to-date symlink: /home/benja/turtlebot3_ws/install/line_follower_worlds/share/ament_index/resource_index/packages/line_follower_worlds
[1.007s] -- Up-to-date symlink: /home/benja/turtlebot3_ws/install/line_follower_worlds/share/line_follower_worlds/cmake/line_follower_worldsConfig.cmake
[1.007s] -- Up-to-date symlink: /home/benja/turtlebot3_ws/install/line_follower_worlds/share/line_follower_worlds/cmake/line_follower_worldsConfig-version.cmake
[1.008s] -- Up-to-date symlink: /home/benja/turtlebot3_ws/install/line_follower_worlds/share/line_follower_worlds/package.xml
[1.013s] Invoked command in '/home/benja/turtlebot3_ws/build/line_follower_worlds' returned '0': CMAKE_PREFIX_PATH=${CMAKE_PREFIX_PATH}:/home/benja/turtlebot3_ws/install/turtlebot3_teleop:/home/benja/turtlebot3_ws/install/turtlebot3_example:/home/benja/turtlebot3_ws/install/follower:/home/benja/turtlebot3_ws/install/line_follower_description:/home/benja/turtlebot3_ws/install/line_follower_controller:/opt/ros/humble /usr/bin/cmake --install /home/benja/turtlebot3_ws/build/line_follower_worlds
