[0.131s] Invoking command in '/home/benja/turtlebot3_ws/build/line_follower_models': CMAKE_PREFIX_PATH=${CMAKE_PREFIX_PATH}:/home/benja/turtlebot3_ws/install/turtlebot3_teleop:/home/benja/turtlebot3_ws/install/turtlebot3_example:/home/benja/turtlebot3_ws/install/follower:/opt/ros/humble /usr/bin/cmake /home/benja/turtlebot3_ws/src/ros2-line-follower/follower2 (MyW)/line_follower_models -DAMENT_CMAKE_SYMLINK_INSTALL=1 -DCMAKE_INSTALL_PREFIX=/home/benja/turtlebot3_ws/install/line_follower_models
[0.202s] -- The C compiler identification is GNU 11.4.0
[0.284s] -- The CXX compiler identification is GNU 11.4.0
[0.294s] -- Detecting C compiler ABI info
[0.363s] -- Detecting C compiler ABI info - done
[0.371s] -- Check for working C compiler: /usr/bin/cc - skipped
[0.371s] -- Detecting C compile features
[0.371s] -- Detecting C compile features - done
[0.374s] -- Detecting CXX compiler ABI info
[0.458s] -- Detecting CXX compiler ABI info - done
[0.467s] -- Check for working CXX compiler: /usr/bin/c++ - skipped
[0.467s] -- Detecting CXX compile features
[0.468s] -- Detecting CXX compile features - done
[0.472s] -- Found ament_cmake: 1.3.14 (/opt/ros/humble/share/ament_cmake/cmake)
[0.639s] -- Found Python3: /usr/bin/python3 (found version "3.10.12") found components: Interpreter 
[0.707s] -- Override CMake install command with custom implementation using symlinks instead of copying resources
[0.931s] -- Configuring done
[0.936s] -- Generating done
[0.939s] -- Build files have been written to: /home/benja/turtlebot3_ws/build/line_follower_models
[0.965s] Invoked command in '/home/benja/turtlebot3_ws/build/line_follower_models' returned '0': CMAKE_PREFIX_PATH=${CMAKE_PREFIX_PATH}:/home/benja/turtlebot3_ws/install/turtlebot3_teleop:/home/benja/turtlebot3_ws/install/turtlebot3_example:/home/benja/turtlebot3_ws/install/follower:/opt/ros/humble /usr/bin/cmake /home/benja/turtlebot3_ws/src/ros2-line-follower/follower2 (MyW)/line_follower_models -DAMENT_CMAKE_SYMLINK_INSTALL=1 -DCMAKE_INSTALL_PREFIX=/home/benja/turtlebot3_ws/install/line_follower_models
[0.968s] Invoking command in '/home/benja/turtlebot3_ws/build/line_follower_models': CMAKE_PREFIX_PATH=${CMAKE_PREFIX_PATH}:/home/benja/turtlebot3_ws/install/turtlebot3_teleop:/home/benja/turtlebot3_ws/install/turtlebot3_example:/home/benja/turtlebot3_ws/install/follower:/opt/ros/humble /usr/bin/cmake --build /home/benja/turtlebot3_ws/build/line_follower_models -- -j12 -l12
[1.039s] Invoked command in '/home/benja/turtlebot3_ws/build/line_follower_models' returned '0': CMAKE_PREFIX_PATH=${CMAKE_PREFIX_PATH}:/home/benja/turtlebot3_ws/install/turtlebot3_teleop:/home/benja/turtlebot3_ws/install/turtlebot3_example:/home/benja/turtlebot3_ws/install/follower:/opt/ros/humble /usr/bin/cmake --build /home/benja/turtlebot3_ws/build/line_follower_models -- -j12 -l12
[1.042s] Invoking command in '/home/benja/turtlebot3_ws/build/line_follower_models': CMAKE_PREFIX_PATH=${CMAKE_PREFIX_PATH}:/home/benja/turtlebot3_ws/install/turtlebot3_teleop:/home/benja/turtlebot3_ws/install/turtlebot3_example:/home/benja/turtlebot3_ws/install/follower:/opt/ros/humble /usr/bin/cmake --install /home/benja/turtlebot3_ws/build/line_follower_models
[1.057s] -- Install configuration: ""
[1.058s] -- Execute custom install script
[1.061s] -- Symlinking: /home/benja/turtlebot3_ws/install/line_follower_models/share/line_follower_models/models/line_path_ground_plane/materials/scripts/line_path_ground_plane.material
[1.074s] -- Symlinking: /home/benja/turtlebot3_ws/install/line_follower_models/share/line_follower_models/models/line_path_ground_plane/materials/textures/line_path.png
[1.093s] -- Symlinking: /home/benja/turtlebot3_ws/install/line_follower_models/share/line_follower_models/models/line_path_ground_plane/materials/textures/path_1.png
[1.111s] -- Symlinking: /home/benja/turtlebot3_ws/install/line_follower_models/share/line_follower_models/models/line_path_ground_plane/materials/textures/path_2.png
[1.128s] -- Symlinking: /home/benja/turtlebot3_ws/install/line_follower_models/share/line_follower_models/models/line_path_ground_plane/model.config
[1.143s] -- Symlinking: /home/benja/turtlebot3_ws/install/line_follower_models/share/line_follower_models/models/line_path_ground_plane/model.sdf
[1.154s] -- Symlinking: /home/benja/turtlebot3_ws/install/line_follower_models/share/line_follower_models/models/materials/scripts/line_path_ground_plane.material
[1.167s] -- Symlinking: /home/benja/turtlebot3_ws/install/line_follower_models/share/line_follower_models/models/materials/textures/line_path.png
[1.179s] -- Symlinking: /home/benja/turtlebot3_ws/install/line_follower_models/share/line_follower_models/models/materials/textures/path_1.png
[1.190s] -- Symlinking: /home/benja/turtlebot3_ws/install/line_follower_models/share/line_follower_models/models/materials/textures/path_2.png
[1.202s] -- Symlinking: /home/benja/turtlebot3_ws/install/line_follower_models/share/ament_index/resource_index/package_run_dependencies/line_follower_models
[1.217s] -- Symlinking: /home/benja/turtlebot3_ws/install/line_follower_models/share/ament_index/resource_index/parent_prefix_path/line_follower_models
[1.230s] -- Symlinking: /home/benja/turtlebot3_ws/install/line_follower_models/share/line_follower_models/environment/ament_prefix_path.sh
[1.241s] -- Symlinking: /home/benja/turtlebot3_ws/install/line_follower_models/share/line_follower_models/environment/ament_prefix_path.dsv
[1.253s] -- Symlinking: /home/benja/turtlebot3_ws/install/line_follower_models/share/line_follower_models/environment/path.sh
[1.265s] -- Symlinking: /home/benja/turtlebot3_ws/install/line_follower_models/share/line_follower_models/environment/path.dsv
[1.277s] -- Symlinking: /home/benja/turtlebot3_ws/install/line_follower_models/share/line_follower_models/local_setup.bash
[1.289s] -- Symlinking: /home/benja/turtlebot3_ws/install/line_follower_models/share/line_follower_models/local_setup.sh
[1.303s] -- Symlinking: /home/benja/turtlebot3_ws/install/line_follower_models/share/line_follower_models/local_setup.zsh
[1.314s] -- Symlinking: /home/benja/turtlebot3_ws/install/line_follower_models/share/line_follower_models/local_setup.dsv
[1.328s] -- Symlinking: /home/benja/turtlebot3_ws/install/line_follower_models/share/line_follower_models/package.dsv
[1.339s] -- Symlinking: /home/benja/turtlebot3_ws/install/line_follower_models/share/ament_index/resource_index/packages/line_follower_models
[1.350s] -- Symlinking: /home/benja/turtlebot3_ws/install/line_follower_models/share/line_follower_models/cmake/line_follower_modelsConfig.cmake
[1.362s] -- Symlinking: /home/benja/turtlebot3_ws/install/line_follower_models/share/line_follower_models/cmake/line_follower_modelsConfig-version.cmake
[1.373s] -- Symlinking: /home/benja/turtlebot3_ws/install/line_follower_models/share/line_follower_models/package.xml
[1.387s] Invoked command in '/home/benja/turtlebot3_ws/build/line_follower_models' returned '0': CMAKE_PREFIX_PATH=${CMAKE_PREFIX_PATH}:/home/benja/turtlebot3_ws/install/turtlebot3_teleop:/home/benja/turtlebot3_ws/install/turtlebot3_example:/home/benja/turtlebot3_ws/install/follower:/opt/ros/humble /usr/bin/cmake --install /home/benja/turtlebot3_ws/build/line_follower_models
