[0.070s] Invoking command in '/home/benja/turtlebot3_ws/build/turtlebot3_cartographer': CMAKE_PREFIX_PATH=${CMAKE_PREFIX_PATH}:/home/benja/turtlebot3_ws/install/turtlebot3_teleop:/home/benja/turtlebot3_ws/install/turtlebot3_example:/home/benja/turtlebot3_ws/install/follower:/home/benja/turtlebot3_ws/install/line_follower_description:/home/benja/turtlebot3_ws/install/line_follower_controller:/opt/ros/humble /usr/bin/cmake --build /home/benja/turtlebot3_ws/build/turtlebot3_cartographer -- -j12 -l12
[1.182s] Invoked command in '/home/benja/turtlebot3_ws/build/turtlebot3_cartographer' returned '0': CMAKE_PREFIX_PATH=${CMAKE_PREFIX_PATH}:/home/benja/turtlebot3_ws/install/turtlebot3_teleop:/home/benja/turtlebot3_ws/install/turtlebot3_example:/home/benja/turtlebot3_ws/install/follower:/home/benja/turtlebot3_ws/install/line_follower_description:/home/benja/turtlebot3_ws/install/line_follower_controller:/opt/ros/humble /usr/bin/cmake --build /home/benja/turtlebot3_ws/build/turtlebot3_cartographer -- -j12 -l12
[1.192s] Invoking command in '/home/benja/turtlebot3_ws/build/turtlebot3_cartographer': CMAKE_PREFIX_PATH=${CMAKE_PREFIX_PATH}:/home/benja/turtlebot3_ws/install/turtlebot3_teleop:/home/benja/turtlebot3_ws/install/turtlebot3_example:/home/benja/turtlebot3_ws/install/follower:/home/benja/turtlebot3_ws/install/line_follower_description:/home/benja/turtlebot3_ws/install/line_follower_controller:/opt/ros/humble /usr/bin/cmake --install /home/benja/turtlebot3_ws/build/turtlebot3_cartographer
[1.227s] -- Install configuration: ""
[1.227s] -- Execute custom install script
[1.227s] -- Up-to-date symlink: /home/benja/turtlebot3_ws/install/turtlebot3_cartographer/share/turtlebot3_cartographer/config/turtlebot3_lds_2d.lua
[1.227s] -- Up-to-date symlink: /home/benja/turtlebot3_ws/install/turtlebot3_cartographer/share/turtlebot3_cartographer/launch/cartographer.launch.py
[1.228s] -- Up-to-date symlink: /home/benja/turtlebot3_ws/install/turtlebot3_cartographer/share/turtlebot3_cartographer/launch/occupancy_grid.launch.py
[1.228s] -- Up-to-date symlink: /home/benja/turtlebot3_ws/install/turtlebot3_cartographer/share/turtlebot3_cartographer/rviz/tb3_cartographer.rviz
[1.228s] -- Up-to-date symlink: /home/benja/turtlebot3_ws/install/turtlebot3_cartographer/share/ament_index/resource_index/package_run_dependencies/turtlebot3_cartographer
[1.228s] -- Up-to-date symlink: /home/benja/turtlebot3_ws/install/turtlebot3_cartographer/share/ament_index/resource_index/parent_prefix_path/turtlebot3_cartographer
[1.228s] -- Up-to-date symlink: /home/benja/turtlebot3_ws/install/turtlebot3_cartographer/share/turtlebot3_cartographer/environment/ament_prefix_path.sh
[1.228s] -- Up-to-date symlink: /home/benja/turtlebot3_ws/install/turtlebot3_cartographer/share/turtlebot3_cartographer/environment/ament_prefix_path.dsv
[1.229s] -- Up-to-date symlink: /home/benja/turtlebot3_ws/install/turtlebot3_cartographer/share/turtlebot3_cartographer/environment/path.sh
[1.229s] -- Up-to-date symlink: /home/benja/turtlebot3_ws/install/turtlebot3_cartographer/share/turtlebot3_cartographer/environment/path.dsv
[1.229s] -- Up-to-date symlink: /home/benja/turtlebot3_ws/install/turtlebot3_cartographer/share/turtlebot3_cartographer/local_setup.bash
[1.230s] -- Up-to-date symlink: /home/benja/turtlebot3_ws/install/turtlebot3_cartographer/share/turtlebot3_cartographer/local_setup.sh
[1.230s] -- Up-to-date symlink: /home/benja/turtlebot3_ws/install/turtlebot3_cartographer/share/turtlebot3_cartographer/local_setup.zsh
[1.230s] -- Up-to-date symlink: /home/benja/turtlebot3_ws/install/turtlebot3_cartographer/share/turtlebot3_cartographer/local_setup.dsv
[1.230s] -- Symlinking: /home/benja/turtlebot3_ws/install/turtlebot3_cartographer/share/turtlebot3_cartographer/package.dsv
[1.232s] -- Up-to-date symlink: /home/benja/turtlebot3_ws/install/turtlebot3_cartographer/share/ament_index/resource_index/packages/turtlebot3_cartographer
[1.232s] -- Up-to-date symlink: /home/benja/turtlebot3_ws/install/turtlebot3_cartographer/share/turtlebot3_cartographer/cmake/turtlebot3_cartographerConfig.cmake
[1.233s] -- Up-to-date symlink: /home/benja/turtlebot3_ws/install/turtlebot3_cartographer/share/turtlebot3_cartographer/cmake/turtlebot3_cartographerConfig-version.cmake
[1.233s] -- Up-to-date symlink: /home/benja/turtlebot3_ws/install/turtlebot3_cartographer/share/turtlebot3_cartographer/package.xml
[1.370s] Invoked command in '/home/benja/turtlebot3_ws/build/turtlebot3_cartographer' returned '0': CMAKE_PREFIX_PATH=${CMAKE_PREFIX_PATH}:/home/benja/turtlebot3_ws/install/turtlebot3_teleop:/home/benja/turtlebot3_ws/install/turtlebot3_example:/home/benja/turtlebot3_ws/install/follower:/home/benja/turtlebot3_ws/install/line_follower_description:/home/benja/turtlebot3_ws/install/line_follower_controller:/opt/ros/humble /usr/bin/cmake --install /home/benja/turtlebot3_ws/build/turtlebot3_cartographer
