[0.959s] Invoking command in '/home/benja/turtlebot3_ws/src/ros2-line-follower/follower/build/follower': PYTHONPATH=/home/benja/turtlebot3_ws/src/ros2-line-follower/follower/build/follower/prefix_override:/usr/lib/python3/dist-packages/colcon_core/task/python/colcon_distutils_commands:/home/benja/turtlebot3_ws/src/ros2-line-follower/follower/install/follower/lib/python3.10/site-packages:${PYTHONPATH} /usr/bin/python3 -W ignore:setup.py install is deprecated -W ignore:easy_install command is deprecated setup.py develop --editable --build-directory /home/benja/turtlebot3_ws/src/ros2-line-follower/follower/build/follower/build --no-deps symlink_data
[1.186s] /usr/lib/python3/dist-packages/setuptools/dist.py:723: UserWarning: Usage of dash-separated 'script-dir' will not be supported in future versions. Please use the underscore name 'script_dir' instead
[1.186s]   warnings.warn(
[1.213s] running develop
[1.378s] running egg_info
[1.378s] creating follower.egg-info
[1.378s] writing follower.egg-info/PKG-INFO
[1.378s] writing dependency_links to follower.egg-info/dependency_links.txt
[1.379s] writing entry points to follower.egg-info/entry_points.txt
[1.379s] writing requirements to follower.egg-info/requires.txt
[1.379s] writing top-level names to follower.egg-info/top_level.txt
[1.379s] writing manifest file 'follower.egg-info/SOURCES.txt'
[1.380s] reading manifest file 'follower.egg-info/SOURCES.txt'
[1.381s] writing manifest file 'follower.egg-info/SOURCES.txt'
[1.382s] running build_ext
[1.382s] Creating /home/benja/turtlebot3_ws/src/ros2-line-follower/follower/install/follower/lib/python3.10/site-packages/follower.egg-link (link to .)
[1.383s] Installing follower_node script to /home/benja/turtlebot3_ws/src/ros2-line-follower/follower/install/follower/lib/follower
[1.383s] Installing line_map_node script to /home/benja/turtlebot3_ws/src/ros2-line-follower/follower/install/follower/lib/follower
[1.383s] Installing tester script to /home/benja/turtlebot3_ws/src/ros2-line-follower/follower/install/follower/lib/follower
[1.383s] 
[1.383s] Installed /home/benja/turtlebot3_ws/src/ros2-line-follower/follower/build/follower
[1.384s] running symlink_data
[1.384s] creating /home/benja/turtlebot3_ws/src/ros2-line-follower/follower/install/follower/share/ament_index
[1.384s] creating /home/benja/turtlebot3_ws/src/ros2-line-follower/follower/install/follower/share/ament_index/resource_index
[1.384s] creating /home/benja/turtlebot3_ws/src/ros2-line-follower/follower/install/follower/share/ament_index/resource_index/packages
[1.384s] symbolically linking /home/benja/turtlebot3_ws/src/ros2-line-follower/follower/build/follower/resource/follower -> /home/benja/turtlebot3_ws/src/ros2-line-follower/follower/install/follower/share/ament_index/resource_index/packages
[1.384s] symbolically linking /home/benja/turtlebot3_ws/src/ros2-line-follower/follower/build/follower/package.xml -> /home/benja/turtlebot3_ws/src/ros2-line-follower/follower/install/follower/share/follower
[1.384s] symbolically linking /home/benja/turtlebot3_ws/src/ros2-line-follower/follower/build/follower/launch/new_track.launch.py -> /home/benja/turtlebot3_ws/src/ros2-line-follower/follower/install/follower/share/follower
[1.384s] symbolically linking /home/benja/turtlebot3_ws/src/ros2-line-follower/follower/build/follower/worlds/new_track.world -> /home/benja/turtlebot3_ws/src/ros2-line-follower/follower/install/follower/share/follower
[1.406s] Invoked command in '/home/benja/turtlebot3_ws/src/ros2-line-follower/follower/build/follower' returned '0': PYTHONPATH=/home/benja/turtlebot3_ws/src/ros2-line-follower/follower/build/follower/prefix_override:/usr/lib/python3/dist-packages/colcon_core/task/python/colcon_distutils_commands:/home/benja/turtlebot3_ws/src/ros2-line-follower/follower/install/follower/lib/python3.10/site-packages:${PYTHONPATH} /usr/bin/python3 -W ignore:setup.py install is deprecated -W ignore:easy_install command is deprecated setup.py develop --editable --build-directory /home/benja/turtlebot3_ws/src/ros2-line-follower/follower/build/follower/build --no-deps symlink_data
