-- The C compiler identification is GNU 11.4.0
-- The CXX compiler identification is GNU 11.4.0
-- Detecting C compiler ABI info
-- Detecting C compiler ABI info - done
-- Check for working C compiler: /usr/bin/cc - skipped
-- Detecting C compile features
-- Detecting C compile features - done
-- Detecting CXX compiler ABI info
-- Detecting CXX compiler ABI info - done
-- Check for working CXX compiler: /usr/bin/c++ - skipped
-- Detecting CXX compile features
-- Detecting CXX compile features - done
-- Found ament_cmake: 1.3.14 (/opt/ros/humble/share/ament_cmake/cmake)
-- Found Python3: /usr/bin/python3 (found version "3.10.12") found components: Interpreter 
-- Override CMake install command with custom implementation using symlinks instead of copying resources
-- Configuring done
-- Generating done
-- Build files have been written to: /home/benja/turtlebot3_ws/build/line_follower_worlds
-- Install configuration: ""
-- Execute custom install script
-- Symlinking: /home/benja/turtlebot3_ws/install/line_follower_worlds/share/line_follower_worlds/worlds/default.world
-- Symlinking: /home/benja/turtlebot3_ws/install/line_follower_worlds/share/line_follower_worlds/worlds/empty_world.world
-- Symlinking: /home/benja/turtlebot3_ws/install/line_follower_worlds/share/line_follower_worlds/worlds/line_follower.world
-- Symlinking: /home/benja/turtlebot3_ws/install/line_follower_worlds/share/line_follower_worlds/worlds/sample.world
-- Symlinking: /home/benja/turtlebot3_ws/install/line_follower_worlds/share/ament_index/resource_index/package_run_dependencies/line_follower_worlds
-- Symlinking: /home/benja/turtlebot3_ws/install/line_follower_worlds/share/ament_index/resource_index/parent_prefix_path/line_follower_worlds
-- Symlinking: /home/benja/turtlebot3_ws/install/line_follower_worlds/share/line_follower_worlds/environment/ament_prefix_path.sh
-- Symlinking: /home/benja/turtlebot3_ws/install/line_follower_worlds/share/line_follower_worlds/environment/ament_prefix_path.dsv
-- Symlinking: /home/benja/turtlebot3_ws/install/line_follower_worlds/share/line_follower_worlds/environment/path.sh
-- Symlinking: /home/benja/turtlebot3_ws/install/line_follower_worlds/share/line_follower_worlds/environment/path.dsv
-- Symlinking: /home/benja/turtlebot3_ws/install/line_follower_worlds/share/line_follower_worlds/local_setup.bash
-- Symlinking: /home/benja/turtlebot3_ws/install/line_follower_worlds/share/line_follower_worlds/local_setup.sh
-- Symlinking: /home/benja/turtlebot3_ws/install/line_follower_worlds/share/line_follower_worlds/local_setup.zsh
-- Symlinking: /home/benja/turtlebot3_ws/install/line_follower_worlds/share/line_follower_worlds/local_setup.dsv
-- Symlinking: /home/benja/turtlebot3_ws/install/line_follower_worlds/share/line_follower_worlds/package.dsv
-- Symlinking: /home/benja/turtlebot3_ws/install/line_follower_worlds/share/ament_index/resource_index/packages/line_follower_worlds
-- Symlinking: /home/benja/turtlebot3_ws/install/line_follower_worlds/share/line_follower_worlds/cmake/line_follower_worldsConfig.cmake
-- Symlinking: /home/benja/turtlebot3_ws/install/line_follower_worlds/share/line_follower_worlds/cmake/line_follower_worldsConfig-version.cmake
-- Symlinking: /home/benja/turtlebot3_ws/install/line_follower_worlds/share/line_follower_worlds/package.xml
